[0.073s] DEBUG:colcon:Command line arguments: ['/usr/bin/colcon', 'build']
[0.073s] DEBUG:colcon:Parsed command line arguments: Namespace(log_base=None, log_level=None, verb_name='build', build_base='build', install_base='install', merge_install=False, symlink_install=False, test_result_base=None, continue_on_error=False, executor='parallel', parallel_workers=20, event_handlers=None, ignore_user_meta=False, metas=['./colcon.meta'], base_paths=['.'], packages_ignore=None, packages_ignore_regex=None, paths=None, packages_up_to=None, packages_up_to_regex=None, packages_above=None, packages_above_and_dependencies=None, packages_above_depth=None, packages_select_by_dep=None, packages_skip_by_dep=None, packages_skip_up_to=None, packages_select_build_failed=False, packages_skip_build_finished=False, packages_select_test_failures=False, packages_skip_test_passed=False, packages_select=None, packages_skip=None, packages_select_regex=None, packages_skip_regex=None, packages_start=None, packages_end=None, allow_overriding=[], cmake_args=None, cmake_target=None, cmake_target_skip_unavailable=False, cmake_clean_cache=False, cmake_clean_first=False, cmake_force_configure=False, ament_cmake_args=None, catkin_cmake_args=None, catkin_skip_building_tests=False, verb_parser=<colcon_defaults.argument_parser.defaults.DefaultArgumentsDecorator object at 0x73e895a81330>, verb_extension=<colcon_core.verb.build.BuildVerb object at 0x73e895a804f0>, main=<bound method BuildVerb.main of <colcon_core.verb.build.BuildVerb object at 0x73e895a804f0>>)
[0.194s] Level 1:colcon.colcon_core.package_discovery:discover_packages(colcon_meta) check parameters
[0.194s] Level 1:colcon.colcon_core.package_discovery:discover_packages(recursive) check parameters
[0.194s] Level 1:colcon.colcon_core.package_discovery:discover_packages(ignore) check parameters
[0.194s] Level 1:colcon.colcon_core.package_discovery:discover_packages(path) check parameters
[0.194s] Level 1:colcon.colcon_core.package_discovery:discover_packages(colcon_meta) discover
[0.194s] Level 1:colcon.colcon_core.package_discovery:discover_packages(recursive) discover
[0.195s] INFO:colcon.colcon_core.package_discovery:Crawling recursively for packages in '/home/leyla/Desktop/Presentar/navegation_ws'
[0.195s] Level 1:colcon.colcon_core.package_identification:_identify(.) by extensions ['ignore', 'ignore_ament_install']
[0.195s] Level 1:colcon.colcon_core.package_identification:_identify(.) by extension 'ignore'
[0.195s] Level 1:colcon.colcon_core.package_identification:_identify(.) by extension 'ignore_ament_install'
[0.195s] Level 1:colcon.colcon_core.package_identification:_identify(.) by extensions ['colcon_pkg']
[0.195s] Level 1:colcon.colcon_core.package_identification:_identify(.) by extension 'colcon_pkg'
[0.195s] Level 1:colcon.colcon_core.package_identification:_identify(.) by extensions ['colcon_meta']
[0.195s] Level 1:colcon.colcon_core.package_identification:_identify(.) by extension 'colcon_meta'
[0.195s] Level 1:colcon.colcon_core.package_identification:_identify(.) by extensions ['ros']
[0.195s] Level 1:colcon.colcon_core.package_identification:_identify(.) by extension 'ros'
[0.209s] Level 1:colcon.colcon_core.package_identification:_identify(.) by extensions ['cmake', 'python']
[0.209s] Level 1:colcon.colcon_core.package_identification:_identify(.) by extension 'cmake'
[0.209s] Level 1:colcon.colcon_core.package_identification:_identify(.) by extension 'python'
[0.209s] Level 1:colcon.colcon_core.package_identification:_identify(.) by extensions ['python_setup_py']
[0.209s] Level 1:colcon.colcon_core.package_identification:_identify(.) by extension 'python_setup_py'
[0.209s] Level 1:colcon.colcon_core.package_identification:_identify(build) by extensions ['ignore', 'ignore_ament_install']
[0.209s] Level 1:colcon.colcon_core.package_identification:_identify(build) by extension 'ignore'
[0.209s] Level 1:colcon.colcon_core.package_identification:_identify(build) ignored
[0.209s] Level 1:colcon.colcon_core.package_identification:_identify(install) by extensions ['ignore', 'ignore_ament_install']
[0.209s] Level 1:colcon.colcon_core.package_identification:_identify(install) by extension 'ignore'
[0.209s] Level 1:colcon.colcon_core.package_identification:_identify(install) ignored
[0.209s] Level 1:colcon.colcon_core.package_identification:_identify(log) by extensions ['ignore', 'ignore_ament_install']
[0.209s] Level 1:colcon.colcon_core.package_identification:_identify(log) by extension 'ignore'
[0.209s] Level 1:colcon.colcon_core.package_identification:_identify(log) ignored
[0.209s] Level 1:colcon.colcon_core.package_identification:_identify(src) by extensions ['ignore', 'ignore_ament_install']
[0.209s] Level 1:colcon.colcon_core.package_identification:_identify(src) by extension 'ignore'
[0.209s] Level 1:colcon.colcon_core.package_identification:_identify(src) by extension 'ignore_ament_install'
[0.209s] Level 1:colcon.colcon_core.package_identification:_identify(src) by extensions ['colcon_pkg']
[0.209s] Level 1:colcon.colcon_core.package_identification:_identify(src) by extension 'colcon_pkg'
[0.209s] Level 1:colcon.colcon_core.package_identification:_identify(src) by extensions ['colcon_meta']
[0.209s] Level 1:colcon.colcon_core.package_identification:_identify(src) by extension 'colcon_meta'
[0.209s] Level 1:colcon.colcon_core.package_identification:_identify(src) by extensions ['ros']
[0.210s] Level 1:colcon.colcon_core.package_identification:_identify(src) by extension 'ros'
[0.210s] Level 1:colcon.colcon_core.package_identification:_identify(src) by extensions ['cmake', 'python']
[0.210s] Level 1:colcon.colcon_core.package_identification:_identify(src) by extension 'cmake'
[0.210s] Level 1:colcon.colcon_core.package_identification:_identify(src) by extension 'python'
[0.210s] Level 1:colcon.colcon_core.package_identification:_identify(src) by extensions ['python_setup_py']
[0.210s] Level 1:colcon.colcon_core.package_identification:_identify(src) by extension 'python_setup_py'
[0.210s] Level 1:colcon.colcon_core.package_identification:_identify(src/robot_description) by extensions ['ignore', 'ignore_ament_install']
[0.210s] Level 1:colcon.colcon_core.package_identification:_identify(src/robot_description) by extension 'ignore'
[0.210s] Level 1:colcon.colcon_core.package_identification:_identify(src/robot_description) by extension 'ignore_ament_install'
[0.210s] Level 1:colcon.colcon_core.package_identification:_identify(src/robot_description) by extensions ['colcon_pkg']
[0.210s] Level 1:colcon.colcon_core.package_identification:_identify(src/robot_description) by extension 'colcon_pkg'
[0.210s] Level 1:colcon.colcon_core.package_identification:_identify(src/robot_description) by extensions ['colcon_meta']
[0.210s] Level 1:colcon.colcon_core.package_identification:_identify(src/robot_description) by extension 'colcon_meta'
[0.210s] Level 1:colcon.colcon_core.package_identification:_identify(src/robot_description) by extensions ['ros']
[0.210s] Level 1:colcon.colcon_core.package_identification:_identify(src/robot_description) by extension 'ros'
[0.212s] DEBUG:colcon.colcon_core.package_identification:Package 'src/robot_description' with type 'ros.ament_cmake' and name 'robot_description'
[0.212s] Level 1:colcon.colcon_core.package_identification:_identify(src/turtlebot3_cartographer) by extensions ['ignore', 'ignore_ament_install']
[0.212s] Level 1:colcon.colcon_core.package_identification:_identify(src/turtlebot3_cartographer) by extension 'ignore'
[0.212s] Level 1:colcon.colcon_core.package_identification:_identify(src/turtlebot3_cartographer) by extension 'ignore_ament_install'
[0.212s] Level 1:colcon.colcon_core.package_identification:_identify(src/turtlebot3_cartographer) by extensions ['colcon_pkg']
[0.212s] Level 1:colcon.colcon_core.package_identification:_identify(src/turtlebot3_cartographer) by extension 'colcon_pkg'
[0.212s] Level 1:colcon.colcon_core.package_identification:_identify(src/turtlebot3_cartographer) by extensions ['colcon_meta']
[0.212s] Level 1:colcon.colcon_core.package_identification:_identify(src/turtlebot3_cartographer) by extension 'colcon_meta'
[0.212s] Level 1:colcon.colcon_core.package_identification:_identify(src/turtlebot3_cartographer) by extensions ['ros']
[0.212s] Level 1:colcon.colcon_core.package_identification:_identify(src/turtlebot3_cartographer) by extension 'ros'
[0.212s] DEBUG:colcon.colcon_core.package_identification:Package 'src/turtlebot3_cartographer' with type 'ros.ament_cmake' and name 'turtlebot3_cartographer'
[0.213s] Level 1:colcon.colcon_core.package_identification:_identify(src/turtlebot3_navigation2) by extensions ['ignore', 'ignore_ament_install']
[0.213s] Level 1:colcon.colcon_core.package_identification:_identify(src/turtlebot3_navigation2) by extension 'ignore'
[0.213s] Level 1:colcon.colcon_core.package_identification:_identify(src/turtlebot3_navigation2) by extension 'ignore_ament_install'
[0.213s] Level 1:colcon.colcon_core.package_identification:_identify(src/turtlebot3_navigation2) by extensions ['colcon_pkg']
[0.213s] Level 1:colcon.colcon_core.package_identification:_identify(src/turtlebot3_navigation2) by extension 'colcon_pkg'
[0.213s] Level 1:colcon.colcon_core.package_identification:_identify(src/turtlebot3_navigation2) by extensions ['colcon_meta']
[0.213s] Level 1:colcon.colcon_core.package_identification:_identify(src/turtlebot3_navigation2) by extension 'colcon_meta'
[0.213s] Level 1:colcon.colcon_core.package_identification:_identify(src/turtlebot3_navigation2) by extensions ['ros']
[0.213s] Level 1:colcon.colcon_core.package_identification:_identify(src/turtlebot3_navigation2) by extension 'ros'
[0.213s] DEBUG:colcon.colcon_core.package_identification:Package 'src/turtlebot3_navigation2' with type 'ros.ament_cmake' and name 'turtlebot3_navigation2'
[0.213s] Level 1:colcon.colcon_core.package_discovery:discover_packages(recursive) using defaults
[0.213s] Level 1:colcon.colcon_core.package_discovery:discover_packages(ignore) discover
[0.213s] Level 1:colcon.colcon_core.package_discovery:discover_packages(ignore) using defaults
[0.213s] Level 1:colcon.colcon_core.package_discovery:discover_packages(path) discover
[0.213s] Level 1:colcon.colcon_core.package_discovery:discover_packages(path) using defaults
[0.228s] Level 1:colcon.colcon_core.package_discovery:discover_packages(prefix_path) check parameters
[0.228s] Level 1:colcon.colcon_core.package_discovery:discover_packages(prefix_path) discover
[0.229s] DEBUG:colcon.colcon_installed_package_information.package_discovery:Found 3 installed packages in /home/leyla/Desktop/Presentar/navegation_ws/install
[0.230s] DEBUG:colcon.colcon_installed_package_information.package_discovery:Found 18 installed packages in /home/leyla/Desktop/nexus_ws/install
[0.230s] DEBUG:colcon.colcon_installed_package_information.package_discovery:Found 7 installed packages in /home/leyla/Desktop/linorobot2_ws/install
[0.231s] DEBUG:colcon.colcon_installed_package_information.package_discovery:Found 3 installed packages in /home/leyla/Desktop/robot_con_ws/install
[0.231s] DEBUG:colcon.colcon_installed_package_information.package_discovery:Found 7 installed packages in /home/leyla/Desktop/ver_ws/install
[0.231s] DEBUG:colcon.colcon_installed_package_information.package_discovery:Found 2 installed packages in /home/leyla/Documents/ejercicio2_ws/install
[0.231s] DEBUG:colcon.colcon_installed_package_information.package_discovery:Found 3 installed packages in /home/leyla/Desktop/newvis_ws/install
[0.232s] DEBUG:colcon.colcon_installed_package_information.package_discovery:Found 9 installed packages in /home/leyla/Desktop/turtlebot3_ws/install
[0.233s] DEBUG:colcon.colcon_installed_package_information.package_discovery:Found 513 installed packages in /opt/ros/humble
[0.236s] Level 1:colcon.colcon_core.package_discovery:discover_packages(prefix_path) using defaults
[0.271s] WARNING:colcon.colcon_core.package_selection:Some selected packages are already built in one or more underlay workspaces:
	'turtlebot3_navigation2' is in: /home/leyla/Desktop/Presentar/navegation_ws/install/turtlebot3_navigation2, /home/leyla/Desktop/nexus_ws/install/turtlebot3_navigation2, /home/leyla/Desktop/turtlebot3_ws/install/turtlebot3_navigation2, /opt/ros/humble
	'robot_description' is in: /home/leyla/Desktop/nexus_ws/install/robot_description, /home/leyla/Desktop/Presentar/navegation_ws/install/robot_description, /home/leyla/Desktop/robot_con_ws/install/robot_description, /home/leyla/Desktop/newvis_ws/install/robot_description
	'turtlebot3_cartographer' is in: /home/leyla/Desktop/Presentar/navegation_ws/install/turtlebot3_cartographer, /home/leyla/Desktop/nexus_ws/install/turtlebot3_cartographer, /home/leyla/Desktop/turtlebot3_ws/install/turtlebot3_cartographer, /opt/ros/humble
If a package in a merged underlay workspace is overridden and it installs headers, then all packages in the overlay must sort their include directories by workspace order. Failure to do so may result in build failures or undefined behavior at run time.
If the overridden package is used by another package in any underlay, then the overriding package in the overlay must be API and ABI compatible or undefined behavior at run time may occur.

If you understand the risks and want to override a package anyways, add the following to the command line:
	--allow-overriding robot_description turtlebot3_cartographer turtlebot3_navigation2

This may be promoted to an error in a future release of colcon-override-check.
[0.272s] Level 5:colcon.colcon_core.verb:set package 'robot_description' build argument 'cmake_args' from command line to 'None'
[0.272s] Level 5:colcon.colcon_core.verb:set package 'robot_description' build argument 'cmake_target' from command line to 'None'
[0.272s] Level 5:colcon.colcon_core.verb:set package 'robot_description' build argument 'cmake_target_skip_unavailable' from command line to 'False'
[0.272s] Level 5:colcon.colcon_core.verb:set package 'robot_description' build argument 'cmake_clean_cache' from command line to 'False'
[0.272s] Level 5:colcon.colcon_core.verb:set package 'robot_description' build argument 'cmake_clean_first' from command line to 'False'
[0.272s] Level 5:colcon.colcon_core.verb:set package 'robot_description' build argument 'cmake_force_configure' from command line to 'False'
[0.272s] Level 5:colcon.colcon_core.verb:set package 'robot_description' build argument 'ament_cmake_args' from command line to 'None'
[0.272s] Level 5:colcon.colcon_core.verb:set package 'robot_description' build argument 'catkin_cmake_args' from command line to 'None'
[0.272s] Level 5:colcon.colcon_core.verb:set package 'robot_description' build argument 'catkin_skip_building_tests' from command line to 'False'
[0.272s] DEBUG:colcon.colcon_core.verb:Building package 'robot_description' with the following arguments: {'ament_cmake_args': None, 'build_base': '/home/leyla/Desktop/Presentar/navegation_ws/build/robot_description', 'catkin_cmake_args': None, 'catkin_skip_building_tests': False, 'cmake_args': None, 'cmake_clean_cache': False, 'cmake_clean_first': False, 'cmake_force_configure': False, 'cmake_target': None, 'cmake_target_skip_unavailable': False, 'install_base': '/home/leyla/Desktop/Presentar/navegation_ws/install/robot_description', 'merge_install': False, 'path': '/home/leyla/Desktop/Presentar/navegation_ws/src/robot_description', 'symlink_install': False, 'test_result_base': None}
[0.272s] Level 5:colcon.colcon_core.verb:set package 'turtlebot3_cartographer' build argument 'cmake_args' from command line to 'None'
[0.272s] Level 5:colcon.colcon_core.verb:set package 'turtlebot3_cartographer' build argument 'cmake_target' from command line to 'None'
[0.272s] Level 5:colcon.colcon_core.verb:set package 'turtlebot3_cartographer' build argument 'cmake_target_skip_unavailable' from command line to 'False'
[0.272s] Level 5:colcon.colcon_core.verb:set package 'turtlebot3_cartographer' build argument 'cmake_clean_cache' from command line to 'False'
[0.272s] Level 5:colcon.colcon_core.verb:set package 'turtlebot3_cartographer' build argument 'cmake_clean_first' from command line to 'False'
[0.272s] Level 5:colcon.colcon_core.verb:set package 'turtlebot3_cartographer' build argument 'cmake_force_configure' from command line to 'False'
[0.272s] Level 5:colcon.colcon_core.verb:set package 'turtlebot3_cartographer' build argument 'ament_cmake_args' from command line to 'None'
[0.272s] Level 5:colcon.colcon_core.verb:set package 'turtlebot3_cartographer' build argument 'catkin_cmake_args' from command line to 'None'
[0.272s] Level 5:colcon.colcon_core.verb:set package 'turtlebot3_cartographer' build argument 'catkin_skip_building_tests' from command line to 'False'
[0.272s] DEBUG:colcon.colcon_core.verb:Building package 'turtlebot3_cartographer' with the following arguments: {'ament_cmake_args': None, 'build_base': '/home/leyla/Desktop/Presentar/navegation_ws/build/turtlebot3_cartographer', 'catkin_cmake_args': None, 'catkin_skip_building_tests': False, 'cmake_args': None, 'cmake_clean_cache': False, 'cmake_clean_first': False, 'cmake_force_configure': False, 'cmake_target': None, 'cmake_target_skip_unavailable': False, 'install_base': '/home/leyla/Desktop/Presentar/navegation_ws/install/turtlebot3_cartographer', 'merge_install': False, 'path': '/home/leyla/Desktop/Presentar/navegation_ws/src/turtlebot3_cartographer', 'symlink_install': False, 'test_result_base': None}
[0.273s] Level 5:colcon.colcon_core.verb:set package 'turtlebot3_navigation2' build argument 'cmake_args' from command line to 'None'
[0.273s] Level 5:colcon.colcon_core.verb:set package 'turtlebot3_navigation2' build argument 'cmake_target' from command line to 'None'
[0.273s] Level 5:colcon.colcon_core.verb:set package 'turtlebot3_navigation2' build argument 'cmake_target_skip_unavailable' from command line to 'False'
[0.273s] Level 5:colcon.colcon_core.verb:set package 'turtlebot3_navigation2' build argument 'cmake_clean_cache' from command line to 'False'
[0.273s] Level 5:colcon.colcon_core.verb:set package 'turtlebot3_navigation2' build argument 'cmake_clean_first' from command line to 'False'
[0.273s] Level 5:colcon.colcon_core.verb:set package 'turtlebot3_navigation2' build argument 'cmake_force_configure' from command line to 'False'
[0.273s] Level 5:colcon.colcon_core.verb:set package 'turtlebot3_navigation2' build argument 'ament_cmake_args' from command line to 'None'
[0.273s] Level 5:colcon.colcon_core.verb:set package 'turtlebot3_navigation2' build argument 'catkin_cmake_args' from command line to 'None'
[0.273s] Level 5:colcon.colcon_core.verb:set package 'turtlebot3_navigation2' build argument 'catkin_skip_building_tests' from command line to 'False'
[0.273s] DEBUG:colcon.colcon_core.verb:Building package 'turtlebot3_navigation2' with the following arguments: {'ament_cmake_args': None, 'build_base': '/home/leyla/Desktop/Presentar/navegation_ws/build/turtlebot3_navigation2', 'catkin_cmake_args': None, 'catkin_skip_building_tests': False, 'cmake_args': None, 'cmake_clean_cache': False, 'cmake_clean_first': False, 'cmake_force_configure': False, 'cmake_target': None, 'cmake_target_skip_unavailable': False, 'install_base': '/home/leyla/Desktop/Presentar/navegation_ws/install/turtlebot3_navigation2', 'merge_install': False, 'path': '/home/leyla/Desktop/Presentar/navegation_ws/src/turtlebot3_navigation2', 'symlink_install': False, 'test_result_base': None}
[0.273s] INFO:colcon.colcon_core.executor:Executing jobs using 'parallel' executor
[0.274s] DEBUG:colcon.colcon_parallel_executor.executor.parallel:run_until_complete
[0.274s] INFO:colcon.colcon_ros.task.ament_cmake.build:Building ROS package in '/home/leyla/Desktop/Presentar/navegation_ws/src/robot_description' with build type 'ament_cmake'
[0.274s] INFO:colcon.colcon_cmake.task.cmake.build:Building CMake package in '/home/leyla/Desktop/Presentar/navegation_ws/src/robot_description'
[0.275s] INFO:colcon.colcon_core.plugin_system:Skipping extension 'colcon_core.shell.bat': Not used on non-Windows systems
[0.276s] INFO:colcon.colcon_core.shell:Skip shell extension 'powershell' for command environment: Not usable outside of PowerShell
[0.276s] DEBUG:colcon.colcon_core.shell:Skip shell extension 'dsv' for command environment
[0.281s] INFO:colcon.colcon_ros.task.ament_cmake.build:Building ROS package in '/home/leyla/Desktop/Presentar/navegation_ws/src/turtlebot3_cartographer' with build type 'ament_cmake'
[0.281s] INFO:colcon.colcon_cmake.task.cmake.build:Building CMake package in '/home/leyla/Desktop/Presentar/navegation_ws/src/turtlebot3_cartographer'
[0.281s] INFO:colcon.colcon_core.shell:Skip shell extension 'powershell' for command environment: Not usable outside of PowerShell
[0.281s] DEBUG:colcon.colcon_core.shell:Skip shell extension 'dsv' for command environment
[0.286s] INFO:colcon.colcon_ros.task.ament_cmake.build:Building ROS package in '/home/leyla/Desktop/Presentar/navegation_ws/src/turtlebot3_navigation2' with build type 'ament_cmake'
[0.286s] INFO:colcon.colcon_cmake.task.cmake.build:Building CMake package in '/home/leyla/Desktop/Presentar/navegation_ws/src/turtlebot3_navigation2'
[0.286s] INFO:colcon.colcon_core.shell:Skip shell extension 'powershell' for command environment: Not usable outside of PowerShell
[0.286s] DEBUG:colcon.colcon_core.shell:Skip shell extension 'dsv' for command environment
[0.295s] DEBUG:colcon.colcon_core.event_handler.log_command:Invoking command in '/home/leyla/Desktop/Presentar/navegation_ws/build/robot_description': CMAKE_PREFIX_PATH=/home/leyla/Desktop/Presentar/navegation_ws/install/turtlebot3_navigation2:/home/leyla/Desktop/Presentar/navegation_ws/install/turtlebot3_cartographer:/home/leyla/Desktop/Presentar/navegation_ws/install/robot_description:/home/leyla/Desktop/turtlebot3_ws/install/turtlebot3:/home/leyla/Desktop/turtlebot3_ws/install/turtlebot3_bringup:/home/leyla/Desktop/turtlebot3_ws/install/turtlebot3_node:/home/leyla/Desktop/turtlebot3_ws/install/turtlebot3_navigation2:/home/leyla/Desktop/turtlebot3_ws/install/turtlebot3_gazebo:/home/leyla/Desktop/turtlebot3_ws/install/turtlebot3_description:/home/leyla/Desktop/turtlebot3_ws/install/turtlebot3_cartographer:/home/leyla/Desktop/nexus_ws/install/turtlebot3_navigation2:/home/leyla/Desktop/nexus_ws/install/turtlebot3_cartographer:/home/leyla/Desktop/nexus_ws/install/rosbridge_test_msgs:/home/leyla/Desktop/nexus_ws/install/rosbridge_suite:/home/leyla/Desktop/nexus_ws/install/rosbridge_server:/home/leyla/Desktop/nexus_ws/install/rosbridge_msgs:/home/leyla/Desktop/nexus_ws/install/rosapi:/home/leyla/Desktop/nexus_ws/install/rosbridge_library:/home/leyla/Desktop/nexus_ws/install/rosapi_msgs:/home/leyla/Desktop/nexus_ws/install/linorobot2_navigation:/home/leyla/Desktop/nexus_ws/install/gazebo_ros_pkgs:/home/leyla/Desktop/nexus_ws/install/gazebo_ros:/home/leyla/Desktop/nexus_ws/install/gazebo_msgs:/home/leyla/Desktop/nexus_ws/install/gazebo_dev:/home/leyla/Desktop/linorobot2_ws/install/linorobot2_viz:/home/leyla/Desktop/linorobot2_ws/install/linorobot2_navigation:/home/leyla/Desktop/linorobot2_ws/install/linorobot2_gazebo:/home/leyla/Desktop/linorobot2_ws/install/linorobot2_description:/home/leyla/Desktop/linorobot2_ws/install/linorobot2_bringup:/home/leyla/Desktop/linorobot2_ws/install/linorobot2_base:/home/leyla/Desktop/linorobot2_ws/install/linorobot2:/home/leyla/Desktop/robot_con_ws/install/robot_description:/home/leyla/Desktop/turtlebot3_ws/install/turtlebot3_teleop:/home/leyla/Desktop/turtlebot3_ws/install/turtlebot3_example:/home/leyla/Desktop/nexus_ws/install/manual:/home/leyla/Desktop/nexus_ws/install/code_py:/home/leyla/Desktop/nexus_ws/install/ucb_interface:/home/leyla/Desktop/nexus_ws/install/robot_description:/home/leyla/Desktop/robot_con_ws/install/control_py:/home/leyla/Desktop/ver_ws/install/stage_ros2:/home/leyla/Desktop/ver_ws/install/robot_nav:/home/leyla/Desktop/ver_ws/install/navigation_tb3:/home/leyla/Desktop/ver_ws/install/cartographer_rviz:/home/leyla/Desktop/ver_ws/install/cartographer_ros:/home/leyla/Desktop/ver_ws/install/cartographer_ros_msgs:/home/leyla/Desktop/newvis_ws/install/panda_movet:/opt/ros/humble:/home/leyla/Desktop/robot_con_ws/install/ensamblaje_jpac2:/home/leyla/Desktop/ver_ws/install/Stage:/home/leyla/Documents/ejercicio2_ws/install/test_move:/home/leyla/Documents/ejercicio2_ws/install/panda_movet:/home/leyla/Desktop/newvis_ws/install/panda_assist:/home/leyla/Desktop/newvis_ws/install/robot_description /usr/bin/cmake --build /home/leyla/Desktop/Presentar/navegation_ws/build/robot_description -- -j20 -l20
[0.299s] DEBUG:colcon.colcon_core.event_handler.log_command:Invoking command in '/home/leyla/Desktop/Presentar/navegation_ws/build/turtlebot3_cartographer': CMAKE_PREFIX_PATH=/home/leyla/Desktop/Presentar/navegation_ws/install/turtlebot3_navigation2:/home/leyla/Desktop/Presentar/navegation_ws/install/turtlebot3_cartographer:/home/leyla/Desktop/Presentar/navegation_ws/install/robot_description:/home/leyla/Desktop/turtlebot3_ws/install/turtlebot3:/home/leyla/Desktop/turtlebot3_ws/install/turtlebot3_bringup:/home/leyla/Desktop/turtlebot3_ws/install/turtlebot3_node:/home/leyla/Desktop/turtlebot3_ws/install/turtlebot3_navigation2:/home/leyla/Desktop/turtlebot3_ws/install/turtlebot3_gazebo:/home/leyla/Desktop/turtlebot3_ws/install/turtlebot3_description:/home/leyla/Desktop/turtlebot3_ws/install/turtlebot3_cartographer:/home/leyla/Desktop/nexus_ws/install/turtlebot3_navigation2:/home/leyla/Desktop/nexus_ws/install/turtlebot3_cartographer:/home/leyla/Desktop/nexus_ws/install/rosbridge_test_msgs:/home/leyla/Desktop/nexus_ws/install/rosbridge_suite:/home/leyla/Desktop/nexus_ws/install/rosbridge_server:/home/leyla/Desktop/nexus_ws/install/rosbridge_msgs:/home/leyla/Desktop/nexus_ws/install/rosapi:/home/leyla/Desktop/nexus_ws/install/rosbridge_library:/home/leyla/Desktop/nexus_ws/install/rosapi_msgs:/home/leyla/Desktop/nexus_ws/install/linorobot2_navigation:/home/leyla/Desktop/nexus_ws/install/gazebo_ros_pkgs:/home/leyla/Desktop/nexus_ws/install/gazebo_ros:/home/leyla/Desktop/nexus_ws/install/gazebo_msgs:/home/leyla/Desktop/nexus_ws/install/gazebo_dev:/home/leyla/Desktop/linorobot2_ws/install/linorobot2_viz:/home/leyla/Desktop/linorobot2_ws/install/linorobot2_navigation:/home/leyla/Desktop/linorobot2_ws/install/linorobot2_gazebo:/home/leyla/Desktop/linorobot2_ws/install/linorobot2_description:/home/leyla/Desktop/linorobot2_ws/install/linorobot2_bringup:/home/leyla/Desktop/linorobot2_ws/install/linorobot2_base:/home/leyla/Desktop/linorobot2_ws/install/linorobot2:/home/leyla/Desktop/robot_con_ws/install/robot_description:/home/leyla/Desktop/turtlebot3_ws/install/turtlebot3_teleop:/home/leyla/Desktop/turtlebot3_ws/install/turtlebot3_example:/home/leyla/Desktop/nexus_ws/install/manual:/home/leyla/Desktop/nexus_ws/install/code_py:/home/leyla/Desktop/nexus_ws/install/ucb_interface:/home/leyla/Desktop/nexus_ws/install/robot_description:/home/leyla/Desktop/robot_con_ws/install/control_py:/home/leyla/Desktop/ver_ws/install/stage_ros2:/home/leyla/Desktop/ver_ws/install/robot_nav:/home/leyla/Desktop/ver_ws/install/navigation_tb3:/home/leyla/Desktop/ver_ws/install/cartographer_rviz:/home/leyla/Desktop/ver_ws/install/cartographer_ros:/home/leyla/Desktop/ver_ws/install/cartographer_ros_msgs:/home/leyla/Desktop/newvis_ws/install/panda_movet:/opt/ros/humble:/home/leyla/Desktop/robot_con_ws/install/ensamblaje_jpac2:/home/leyla/Desktop/ver_ws/install/Stage:/home/leyla/Documents/ejercicio2_ws/install/test_move:/home/leyla/Documents/ejercicio2_ws/install/panda_movet:/home/leyla/Desktop/newvis_ws/install/panda_assist:/home/leyla/Desktop/newvis_ws/install/robot_description /usr/bin/cmake --build /home/leyla/Desktop/Presentar/navegation_ws/build/turtlebot3_cartographer -- -j20 -l20
[0.304s] DEBUG:colcon.colcon_core.event_handler.log_command:Invoking command in '/home/leyla/Desktop/Presentar/navegation_ws/build/turtlebot3_navigation2': CMAKE_PREFIX_PATH=/home/leyla/Desktop/Presentar/navegation_ws/install/turtlebot3_navigation2:/home/leyla/Desktop/Presentar/navegation_ws/install/turtlebot3_cartographer:/home/leyla/Desktop/Presentar/navegation_ws/install/robot_description:/home/leyla/Desktop/turtlebot3_ws/install/turtlebot3:/home/leyla/Desktop/turtlebot3_ws/install/turtlebot3_bringup:/home/leyla/Desktop/turtlebot3_ws/install/turtlebot3_node:/home/leyla/Desktop/turtlebot3_ws/install/turtlebot3_navigation2:/home/leyla/Desktop/turtlebot3_ws/install/turtlebot3_gazebo:/home/leyla/Desktop/turtlebot3_ws/install/turtlebot3_description:/home/leyla/Desktop/turtlebot3_ws/install/turtlebot3_cartographer:/home/leyla/Desktop/nexus_ws/install/turtlebot3_navigation2:/home/leyla/Desktop/nexus_ws/install/turtlebot3_cartographer:/home/leyla/Desktop/nexus_ws/install/rosbridge_test_msgs:/home/leyla/Desktop/nexus_ws/install/rosbridge_suite:/home/leyla/Desktop/nexus_ws/install/rosbridge_server:/home/leyla/Desktop/nexus_ws/install/rosbridge_msgs:/home/leyla/Desktop/nexus_ws/install/rosapi:/home/leyla/Desktop/nexus_ws/install/rosbridge_library:/home/leyla/Desktop/nexus_ws/install/rosapi_msgs:/home/leyla/Desktop/nexus_ws/install/linorobot2_navigation:/home/leyla/Desktop/nexus_ws/install/gazebo_ros_pkgs:/home/leyla/Desktop/nexus_ws/install/gazebo_ros:/home/leyla/Desktop/nexus_ws/install/gazebo_msgs:/home/leyla/Desktop/nexus_ws/install/gazebo_dev:/home/leyla/Desktop/linorobot2_ws/install/linorobot2_viz:/home/leyla/Desktop/linorobot2_ws/install/linorobot2_navigation:/home/leyla/Desktop/linorobot2_ws/install/linorobot2_gazebo:/home/leyla/Desktop/linorobot2_ws/install/linorobot2_description:/home/leyla/Desktop/linorobot2_ws/install/linorobot2_bringup:/home/leyla/Desktop/linorobot2_ws/install/linorobot2_base:/home/leyla/Desktop/linorobot2_ws/install/linorobot2:/home/leyla/Desktop/robot_con_ws/install/robot_description:/home/leyla/Desktop/turtlebot3_ws/install/turtlebot3_teleop:/home/leyla/Desktop/turtlebot3_ws/install/turtlebot3_example:/home/leyla/Desktop/nexus_ws/install/manual:/home/leyla/Desktop/nexus_ws/install/code_py:/home/leyla/Desktop/nexus_ws/install/ucb_interface:/home/leyla/Desktop/nexus_ws/install/robot_description:/home/leyla/Desktop/robot_con_ws/install/control_py:/home/leyla/Desktop/ver_ws/install/stage_ros2:/home/leyla/Desktop/ver_ws/install/robot_nav:/home/leyla/Desktop/ver_ws/install/navigation_tb3:/home/leyla/Desktop/ver_ws/install/cartographer_rviz:/home/leyla/Desktop/ver_ws/install/cartographer_ros:/home/leyla/Desktop/ver_ws/install/cartographer_ros_msgs:/home/leyla/Desktop/newvis_ws/install/panda_movet:/opt/ros/humble:/home/leyla/Desktop/robot_con_ws/install/ensamblaje_jpac2:/home/leyla/Desktop/ver_ws/install/Stage:/home/leyla/Documents/ejercicio2_ws/install/test_move:/home/leyla/Documents/ejercicio2_ws/install/panda_movet:/home/leyla/Desktop/newvis_ws/install/panda_assist:/home/leyla/Desktop/newvis_ws/install/robot_description /usr/bin/cmake --build /home/leyla/Desktop/Presentar/navegation_ws/build/turtlebot3_navigation2 -- -j20 -l20
[0.328s] DEBUG:colcon.colcon_core.event_handler.log_command:Invoked command in '/home/leyla/Desktop/Presentar/navegation_ws/build/turtlebot3_cartographer' returned '0': CMAKE_PREFIX_PATH=/home/leyla/Desktop/Presentar/navegation_ws/install/turtlebot3_navigation2:/home/leyla/Desktop/Presentar/navegation_ws/install/turtlebot3_cartographer:/home/leyla/Desktop/Presentar/navegation_ws/install/robot_description:/home/leyla/Desktop/turtlebot3_ws/install/turtlebot3:/home/leyla/Desktop/turtlebot3_ws/install/turtlebot3_bringup:/home/leyla/Desktop/turtlebot3_ws/install/turtlebot3_node:/home/leyla/Desktop/turtlebot3_ws/install/turtlebot3_navigation2:/home/leyla/Desktop/turtlebot3_ws/install/turtlebot3_gazebo:/home/leyla/Desktop/turtlebot3_ws/install/turtlebot3_description:/home/leyla/Desktop/turtlebot3_ws/install/turtlebot3_cartographer:/home/leyla/Desktop/nexus_ws/install/turtlebot3_navigation2:/home/leyla/Desktop/nexus_ws/install/turtlebot3_cartographer:/home/leyla/Desktop/nexus_ws/install/rosbridge_test_msgs:/home/leyla/Desktop/nexus_ws/install/rosbridge_suite:/home/leyla/Desktop/nexus_ws/install/rosbridge_server:/home/leyla/Desktop/nexus_ws/install/rosbridge_msgs:/home/leyla/Desktop/nexus_ws/install/rosapi:/home/leyla/Desktop/nexus_ws/install/rosbridge_library:/home/leyla/Desktop/nexus_ws/install/rosapi_msgs:/home/leyla/Desktop/nexus_ws/install/linorobot2_navigation:/home/leyla/Desktop/nexus_ws/install/gazebo_ros_pkgs:/home/leyla/Desktop/nexus_ws/install/gazebo_ros:/home/leyla/Desktop/nexus_ws/install/gazebo_msgs:/home/leyla/Desktop/nexus_ws/install/gazebo_dev:/home/leyla/Desktop/linorobot2_ws/install/linorobot2_viz:/home/leyla/Desktop/linorobot2_ws/install/linorobot2_navigation:/home/leyla/Desktop/linorobot2_ws/install/linorobot2_gazebo:/home/leyla/Desktop/linorobot2_ws/install/linorobot2_description:/home/leyla/Desktop/linorobot2_ws/install/linorobot2_bringup:/home/leyla/Desktop/linorobot2_ws/install/linorobot2_base:/home/leyla/Desktop/linorobot2_ws/install/linorobot2:/home/leyla/Desktop/robot_con_ws/install/robot_description:/home/leyla/Desktop/turtlebot3_ws/install/turtlebot3_teleop:/home/leyla/Desktop/turtlebot3_ws/install/turtlebot3_example:/home/leyla/Desktop/nexus_ws/install/manual:/home/leyla/Desktop/nexus_ws/install/code_py:/home/leyla/Desktop/nexus_ws/install/ucb_interface:/home/leyla/Desktop/nexus_ws/install/robot_description:/home/leyla/Desktop/robot_con_ws/install/control_py:/home/leyla/Desktop/ver_ws/install/stage_ros2:/home/leyla/Desktop/ver_ws/install/robot_nav:/home/leyla/Desktop/ver_ws/install/navigation_tb3:/home/leyla/Desktop/ver_ws/install/cartographer_rviz:/home/leyla/Desktop/ver_ws/install/cartographer_ros:/home/leyla/Desktop/ver_ws/install/cartographer_ros_msgs:/home/leyla/Desktop/newvis_ws/install/panda_movet:/opt/ros/humble:/home/leyla/Desktop/robot_con_ws/install/ensamblaje_jpac2:/home/leyla/Desktop/ver_ws/install/Stage:/home/leyla/Documents/ejercicio2_ws/install/test_move:/home/leyla/Documents/ejercicio2_ws/install/panda_movet:/home/leyla/Desktop/newvis_ws/install/panda_assist:/home/leyla/Desktop/newvis_ws/install/robot_description /usr/bin/cmake --build /home/leyla/Desktop/Presentar/navegation_ws/build/turtlebot3_cartographer -- -j20 -l20
[0.336s] DEBUG:colcon.colcon_core.event_handler.log_command:Invoking command in '/home/leyla/Desktop/Presentar/navegation_ws/build/turtlebot3_cartographer': CMAKE_PREFIX_PATH=/home/leyla/Desktop/Presentar/navegation_ws/install/turtlebot3_navigation2:/home/leyla/Desktop/Presentar/navegation_ws/install/turtlebot3_cartographer:/home/leyla/Desktop/Presentar/navegation_ws/install/robot_description:/home/leyla/Desktop/turtlebot3_ws/install/turtlebot3:/home/leyla/Desktop/turtlebot3_ws/install/turtlebot3_bringup:/home/leyla/Desktop/turtlebot3_ws/install/turtlebot3_node:/home/leyla/Desktop/turtlebot3_ws/install/turtlebot3_navigation2:/home/leyla/Desktop/turtlebot3_ws/install/turtlebot3_gazebo:/home/leyla/Desktop/turtlebot3_ws/install/turtlebot3_description:/home/leyla/Desktop/turtlebot3_ws/install/turtlebot3_cartographer:/home/leyla/Desktop/nexus_ws/install/turtlebot3_navigation2:/home/leyla/Desktop/nexus_ws/install/turtlebot3_cartographer:/home/leyla/Desktop/nexus_ws/install/rosbridge_test_msgs:/home/leyla/Desktop/nexus_ws/install/rosbridge_suite:/home/leyla/Desktop/nexus_ws/install/rosbridge_server:/home/leyla/Desktop/nexus_ws/install/rosbridge_msgs:/home/leyla/Desktop/nexus_ws/install/rosapi:/home/leyla/Desktop/nexus_ws/install/rosbridge_library:/home/leyla/Desktop/nexus_ws/install/rosapi_msgs:/home/leyla/Desktop/nexus_ws/install/linorobot2_navigation:/home/leyla/Desktop/nexus_ws/install/gazebo_ros_pkgs:/home/leyla/Desktop/nexus_ws/install/gazebo_ros:/home/leyla/Desktop/nexus_ws/install/gazebo_msgs:/home/leyla/Desktop/nexus_ws/install/gazebo_dev:/home/leyla/Desktop/linorobot2_ws/install/linorobot2_viz:/home/leyla/Desktop/linorobot2_ws/install/linorobot2_navigation:/home/leyla/Desktop/linorobot2_ws/install/linorobot2_gazebo:/home/leyla/Desktop/linorobot2_ws/install/linorobot2_description:/home/leyla/Desktop/linorobot2_ws/install/linorobot2_bringup:/home/leyla/Desktop/linorobot2_ws/install/linorobot2_base:/home/leyla/Desktop/linorobot2_ws/install/linorobot2:/home/leyla/Desktop/robot_con_ws/install/robot_description:/home/leyla/Desktop/turtlebot3_ws/install/turtlebot3_teleop:/home/leyla/Desktop/turtlebot3_ws/install/turtlebot3_example:/home/leyla/Desktop/nexus_ws/install/manual:/home/leyla/Desktop/nexus_ws/install/code_py:/home/leyla/Desktop/nexus_ws/install/ucb_interface:/home/leyla/Desktop/nexus_ws/install/robot_description:/home/leyla/Desktop/robot_con_ws/install/control_py:/home/leyla/Desktop/ver_ws/install/stage_ros2:/home/leyla/Desktop/ver_ws/install/robot_nav:/home/leyla/Desktop/ver_ws/install/navigation_tb3:/home/leyla/Desktop/ver_ws/install/cartographer_rviz:/home/leyla/Desktop/ver_ws/install/cartographer_ros:/home/leyla/Desktop/ver_ws/install/cartographer_ros_msgs:/home/leyla/Desktop/newvis_ws/install/panda_movet:/opt/ros/humble:/home/leyla/Desktop/robot_con_ws/install/ensamblaje_jpac2:/home/leyla/Desktop/ver_ws/install/Stage:/home/leyla/Documents/ejercicio2_ws/install/test_move:/home/leyla/Documents/ejercicio2_ws/install/panda_movet:/home/leyla/Desktop/newvis_ws/install/panda_assist:/home/leyla/Desktop/newvis_ws/install/robot_description /usr/bin/cmake --install /home/leyla/Desktop/Presentar/navegation_ws/build/turtlebot3_cartographer
[0.337s] DEBUG:colcon.colcon_core.event_handler.log_command:Invoked command in '/home/leyla/Desktop/Presentar/navegation_ws/build/turtlebot3_navigation2' returned '0': CMAKE_PREFIX_PATH=/home/leyla/Desktop/Presentar/navegation_ws/install/turtlebot3_navigation2:/home/leyla/Desktop/Presentar/navegation_ws/install/turtlebot3_cartographer:/home/leyla/Desktop/Presentar/navegation_ws/install/robot_description:/home/leyla/Desktop/turtlebot3_ws/install/turtlebot3:/home/leyla/Desktop/turtlebot3_ws/install/turtlebot3_bringup:/home/leyla/Desktop/turtlebot3_ws/install/turtlebot3_node:/home/leyla/Desktop/turtlebot3_ws/install/turtlebot3_navigation2:/home/leyla/Desktop/turtlebot3_ws/install/turtlebot3_gazebo:/home/leyla/Desktop/turtlebot3_ws/install/turtlebot3_description:/home/leyla/Desktop/turtlebot3_ws/install/turtlebot3_cartographer:/home/leyla/Desktop/nexus_ws/install/turtlebot3_navigation2:/home/leyla/Desktop/nexus_ws/install/turtlebot3_cartographer:/home/leyla/Desktop/nexus_ws/install/rosbridge_test_msgs:/home/leyla/Desktop/nexus_ws/install/rosbridge_suite:/home/leyla/Desktop/nexus_ws/install/rosbridge_server:/home/leyla/Desktop/nexus_ws/install/rosbridge_msgs:/home/leyla/Desktop/nexus_ws/install/rosapi:/home/leyla/Desktop/nexus_ws/install/rosbridge_library:/home/leyla/Desktop/nexus_ws/install/rosapi_msgs:/home/leyla/Desktop/nexus_ws/install/linorobot2_navigation:/home/leyla/Desktop/nexus_ws/install/gazebo_ros_pkgs:/home/leyla/Desktop/nexus_ws/install/gazebo_ros:/home/leyla/Desktop/nexus_ws/install/gazebo_msgs:/home/leyla/Desktop/nexus_ws/install/gazebo_dev:/home/leyla/Desktop/linorobot2_ws/install/linorobot2_viz:/home/leyla/Desktop/linorobot2_ws/install/linorobot2_navigation:/home/leyla/Desktop/linorobot2_ws/install/linorobot2_gazebo:/home/leyla/Desktop/linorobot2_ws/install/linorobot2_description:/home/leyla/Desktop/linorobot2_ws/install/linorobot2_bringup:/home/leyla/Desktop/linorobot2_ws/install/linorobot2_base:/home/leyla/Desktop/linorobot2_ws/install/linorobot2:/home/leyla/Desktop/robot_con_ws/install/robot_description:/home/leyla/Desktop/turtlebot3_ws/install/turtlebot3_teleop:/home/leyla/Desktop/turtlebot3_ws/install/turtlebot3_example:/home/leyla/Desktop/nexus_ws/install/manual:/home/leyla/Desktop/nexus_ws/install/code_py:/home/leyla/Desktop/nexus_ws/install/ucb_interface:/home/leyla/Desktop/nexus_ws/install/robot_description:/home/leyla/Desktop/robot_con_ws/install/control_py:/home/leyla/Desktop/ver_ws/install/stage_ros2:/home/leyla/Desktop/ver_ws/install/robot_nav:/home/leyla/Desktop/ver_ws/install/navigation_tb3:/home/leyla/Desktop/ver_ws/install/cartographer_rviz:/home/leyla/Desktop/ver_ws/install/cartographer_ros:/home/leyla/Desktop/ver_ws/install/cartographer_ros_msgs:/home/leyla/Desktop/newvis_ws/install/panda_movet:/opt/ros/humble:/home/leyla/Desktop/robot_con_ws/install/ensamblaje_jpac2:/home/leyla/Desktop/ver_ws/install/Stage:/home/leyla/Documents/ejercicio2_ws/install/test_move:/home/leyla/Documents/ejercicio2_ws/install/panda_movet:/home/leyla/Desktop/newvis_ws/install/panda_assist:/home/leyla/Desktop/newvis_ws/install/robot_description /usr/bin/cmake --build /home/leyla/Desktop/Presentar/navegation_ws/build/turtlebot3_navigation2 -- -j20 -l20
[0.339s] DEBUG:colcon.colcon_core.event_handler.log_command:Invoking command in '/home/leyla/Desktop/Presentar/navegation_ws/build/turtlebot3_navigation2': CMAKE_PREFIX_PATH=/home/leyla/Desktop/Presentar/navegation_ws/install/turtlebot3_navigation2:/home/leyla/Desktop/Presentar/navegation_ws/install/turtlebot3_cartographer:/home/leyla/Desktop/Presentar/navegation_ws/install/robot_description:/home/leyla/Desktop/turtlebot3_ws/install/turtlebot3:/home/leyla/Desktop/turtlebot3_ws/install/turtlebot3_bringup:/home/leyla/Desktop/turtlebot3_ws/install/turtlebot3_node:/home/leyla/Desktop/turtlebot3_ws/install/turtlebot3_navigation2:/home/leyla/Desktop/turtlebot3_ws/install/turtlebot3_gazebo:/home/leyla/Desktop/turtlebot3_ws/install/turtlebot3_description:/home/leyla/Desktop/turtlebot3_ws/install/turtlebot3_cartographer:/home/leyla/Desktop/nexus_ws/install/turtlebot3_navigation2:/home/leyla/Desktop/nexus_ws/install/turtlebot3_cartographer:/home/leyla/Desktop/nexus_ws/install/rosbridge_test_msgs:/home/leyla/Desktop/nexus_ws/install/rosbridge_suite:/home/leyla/Desktop/nexus_ws/install/rosbridge_server:/home/leyla/Desktop/nexus_ws/install/rosbridge_msgs:/home/leyla/Desktop/nexus_ws/install/rosapi:/home/leyla/Desktop/nexus_ws/install/rosbridge_library:/home/leyla/Desktop/nexus_ws/install/rosapi_msgs:/home/leyla/Desktop/nexus_ws/install/linorobot2_navigation:/home/leyla/Desktop/nexus_ws/install/gazebo_ros_pkgs:/home/leyla/Desktop/nexus_ws/install/gazebo_ros:/home/leyla/Desktop/nexus_ws/install/gazebo_msgs:/home/leyla/Desktop/nexus_ws/install/gazebo_dev:/home/leyla/Desktop/linorobot2_ws/install/linorobot2_viz:/home/leyla/Desktop/linorobot2_ws/install/linorobot2_navigation:/home/leyla/Desktop/linorobot2_ws/install/linorobot2_gazebo:/home/leyla/Desktop/linorobot2_ws/install/linorobot2_description:/home/leyla/Desktop/linorobot2_ws/install/linorobot2_bringup:/home/leyla/Desktop/linorobot2_ws/install/linorobot2_base:/home/leyla/Desktop/linorobot2_ws/install/linorobot2:/home/leyla/Desktop/robot_con_ws/install/robot_description:/home/leyla/Desktop/turtlebot3_ws/install/turtlebot3_teleop:/home/leyla/Desktop/turtlebot3_ws/install/turtlebot3_example:/home/leyla/Desktop/nexus_ws/install/manual:/home/leyla/Desktop/nexus_ws/install/code_py:/home/leyla/Desktop/nexus_ws/install/ucb_interface:/home/leyla/Desktop/nexus_ws/install/robot_description:/home/leyla/Desktop/robot_con_ws/install/control_py:/home/leyla/Desktop/ver_ws/install/stage_ros2:/home/leyla/Desktop/ver_ws/install/robot_nav:/home/leyla/Desktop/ver_ws/install/navigation_tb3:/home/leyla/Desktop/ver_ws/install/cartographer_rviz:/home/leyla/Desktop/ver_ws/install/cartographer_ros:/home/leyla/Desktop/ver_ws/install/cartographer_ros_msgs:/home/leyla/Desktop/newvis_ws/install/panda_movet:/opt/ros/humble:/home/leyla/Desktop/robot_con_ws/install/ensamblaje_jpac2:/home/leyla/Desktop/ver_ws/install/Stage:/home/leyla/Documents/ejercicio2_ws/install/test_move:/home/leyla/Documents/ejercicio2_ws/install/panda_movet:/home/leyla/Desktop/newvis_ws/install/panda_assist:/home/leyla/Desktop/newvis_ws/install/robot_description /usr/bin/cmake --install /home/leyla/Desktop/Presentar/navegation_ws/build/turtlebot3_navigation2
[0.339s] DEBUG:colcon.colcon_core.event_handler.log_command:Invoked command in '/home/leyla/Desktop/Presentar/navegation_ws/build/robot_description' returned '0': CMAKE_PREFIX_PATH=/home/leyla/Desktop/Presentar/navegation_ws/install/turtlebot3_navigation2:/home/leyla/Desktop/Presentar/navegation_ws/install/turtlebot3_cartographer:/home/leyla/Desktop/Presentar/navegation_ws/install/robot_description:/home/leyla/Desktop/turtlebot3_ws/install/turtlebot3:/home/leyla/Desktop/turtlebot3_ws/install/turtlebot3_bringup:/home/leyla/Desktop/turtlebot3_ws/install/turtlebot3_node:/home/leyla/Desktop/turtlebot3_ws/install/turtlebot3_navigation2:/home/leyla/Desktop/turtlebot3_ws/install/turtlebot3_gazebo:/home/leyla/Desktop/turtlebot3_ws/install/turtlebot3_description:/home/leyla/Desktop/turtlebot3_ws/install/turtlebot3_cartographer:/home/leyla/Desktop/nexus_ws/install/turtlebot3_navigation2:/home/leyla/Desktop/nexus_ws/install/turtlebot3_cartographer:/home/leyla/Desktop/nexus_ws/install/rosbridge_test_msgs:/home/leyla/Desktop/nexus_ws/install/rosbridge_suite:/home/leyla/Desktop/nexus_ws/install/rosbridge_server:/home/leyla/Desktop/nexus_ws/install/rosbridge_msgs:/home/leyla/Desktop/nexus_ws/install/rosapi:/home/leyla/Desktop/nexus_ws/install/rosbridge_library:/home/leyla/Desktop/nexus_ws/install/rosapi_msgs:/home/leyla/Desktop/nexus_ws/install/linorobot2_navigation:/home/leyla/Desktop/nexus_ws/install/gazebo_ros_pkgs:/home/leyla/Desktop/nexus_ws/install/gazebo_ros:/home/leyla/Desktop/nexus_ws/install/gazebo_msgs:/home/leyla/Desktop/nexus_ws/install/gazebo_dev:/home/leyla/Desktop/linorobot2_ws/install/linorobot2_viz:/home/leyla/Desktop/linorobot2_ws/install/linorobot2_navigation:/home/leyla/Desktop/linorobot2_ws/install/linorobot2_gazebo:/home/leyla/Desktop/linorobot2_ws/install/linorobot2_description:/home/leyla/Desktop/linorobot2_ws/install/linorobot2_bringup:/home/leyla/Desktop/linorobot2_ws/install/linorobot2_base:/home/leyla/Desktop/linorobot2_ws/install/linorobot2:/home/leyla/Desktop/robot_con_ws/install/robot_description:/home/leyla/Desktop/turtlebot3_ws/install/turtlebot3_teleop:/home/leyla/Desktop/turtlebot3_ws/install/turtlebot3_example:/home/leyla/Desktop/nexus_ws/install/manual:/home/leyla/Desktop/nexus_ws/install/code_py:/home/leyla/Desktop/nexus_ws/install/ucb_interface:/home/leyla/Desktop/nexus_ws/install/robot_description:/home/leyla/Desktop/robot_con_ws/install/control_py:/home/leyla/Desktop/ver_ws/install/stage_ros2:/home/leyla/Desktop/ver_ws/install/robot_nav:/home/leyla/Desktop/ver_ws/install/navigation_tb3:/home/leyla/Desktop/ver_ws/install/cartographer_rviz:/home/leyla/Desktop/ver_ws/install/cartographer_ros:/home/leyla/Desktop/ver_ws/install/cartographer_ros_msgs:/home/leyla/Desktop/newvis_ws/install/panda_movet:/opt/ros/humble:/home/leyla/Desktop/robot_con_ws/install/ensamblaje_jpac2:/home/leyla/Desktop/ver_ws/install/Stage:/home/leyla/Documents/ejercicio2_ws/install/test_move:/home/leyla/Documents/ejercicio2_ws/install/panda_movet:/home/leyla/Desktop/newvis_ws/install/panda_assist:/home/leyla/Desktop/newvis_ws/install/robot_description /usr/bin/cmake --build /home/leyla/Desktop/Presentar/navegation_ws/build/robot_description -- -j20 -l20
[0.340s] DEBUG:colcon.colcon_core.event_handler.log_command:Invoking command in '/home/leyla/Desktop/Presentar/navegation_ws/build/robot_description': CMAKE_PREFIX_PATH=/home/leyla/Desktop/Presentar/navegation_ws/install/turtlebot3_navigation2:/home/leyla/Desktop/Presentar/navegation_ws/install/turtlebot3_cartographer:/home/leyla/Desktop/Presentar/navegation_ws/install/robot_description:/home/leyla/Desktop/turtlebot3_ws/install/turtlebot3:/home/leyla/Desktop/turtlebot3_ws/install/turtlebot3_bringup:/home/leyla/Desktop/turtlebot3_ws/install/turtlebot3_node:/home/leyla/Desktop/turtlebot3_ws/install/turtlebot3_navigation2:/home/leyla/Desktop/turtlebot3_ws/install/turtlebot3_gazebo:/home/leyla/Desktop/turtlebot3_ws/install/turtlebot3_description:/home/leyla/Desktop/turtlebot3_ws/install/turtlebot3_cartographer:/home/leyla/Desktop/nexus_ws/install/turtlebot3_navigation2:/home/leyla/Desktop/nexus_ws/install/turtlebot3_cartographer:/home/leyla/Desktop/nexus_ws/install/rosbridge_test_msgs:/home/leyla/Desktop/nexus_ws/install/rosbridge_suite:/home/leyla/Desktop/nexus_ws/install/rosbridge_server:/home/leyla/Desktop/nexus_ws/install/rosbridge_msgs:/home/leyla/Desktop/nexus_ws/install/rosapi:/home/leyla/Desktop/nexus_ws/install/rosbridge_library:/home/leyla/Desktop/nexus_ws/install/rosapi_msgs:/home/leyla/Desktop/nexus_ws/install/linorobot2_navigation:/home/leyla/Desktop/nexus_ws/install/gazebo_ros_pkgs:/home/leyla/Desktop/nexus_ws/install/gazebo_ros:/home/leyla/Desktop/nexus_ws/install/gazebo_msgs:/home/leyla/Desktop/nexus_ws/install/gazebo_dev:/home/leyla/Desktop/linorobot2_ws/install/linorobot2_viz:/home/leyla/Desktop/linorobot2_ws/install/linorobot2_navigation:/home/leyla/Desktop/linorobot2_ws/install/linorobot2_gazebo:/home/leyla/Desktop/linorobot2_ws/install/linorobot2_description:/home/leyla/Desktop/linorobot2_ws/install/linorobot2_bringup:/home/leyla/Desktop/linorobot2_ws/install/linorobot2_base:/home/leyla/Desktop/linorobot2_ws/install/linorobot2:/home/leyla/Desktop/robot_con_ws/install/robot_description:/home/leyla/Desktop/turtlebot3_ws/install/turtlebot3_teleop:/home/leyla/Desktop/turtlebot3_ws/install/turtlebot3_example:/home/leyla/Desktop/nexus_ws/install/manual:/home/leyla/Desktop/nexus_ws/install/code_py:/home/leyla/Desktop/nexus_ws/install/ucb_interface:/home/leyla/Desktop/nexus_ws/install/robot_description:/home/leyla/Desktop/robot_con_ws/install/control_py:/home/leyla/Desktop/ver_ws/install/stage_ros2:/home/leyla/Desktop/ver_ws/install/robot_nav:/home/leyla/Desktop/ver_ws/install/navigation_tb3:/home/leyla/Desktop/ver_ws/install/cartographer_rviz:/home/leyla/Desktop/ver_ws/install/cartographer_ros:/home/leyla/Desktop/ver_ws/install/cartographer_ros_msgs:/home/leyla/Desktop/newvis_ws/install/panda_movet:/opt/ros/humble:/home/leyla/Desktop/robot_con_ws/install/ensamblaje_jpac2:/home/leyla/Desktop/ver_ws/install/Stage:/home/leyla/Documents/ejercicio2_ws/install/test_move:/home/leyla/Documents/ejercicio2_ws/install/panda_movet:/home/leyla/Desktop/newvis_ws/install/panda_assist:/home/leyla/Desktop/newvis_ws/install/robot_description /usr/bin/cmake --install /home/leyla/Desktop/Presentar/navegation_ws/build/robot_description
[0.342s] Level 1:colcon.colcon_core.environment:create_environment_scripts_only(turtlebot3_cartographer)
[0.343s] DEBUG:colcon.colcon_core.event_handler.log_command:Invoked command in '/home/leyla/Desktop/Presentar/navegation_ws/build/turtlebot3_cartographer' returned '0': CMAKE_PREFIX_PATH=/home/leyla/Desktop/Presentar/navegation_ws/install/turtlebot3_navigation2:/home/leyla/Desktop/Presentar/navegation_ws/install/turtlebot3_cartographer:/home/leyla/Desktop/Presentar/navegation_ws/install/robot_description:/home/leyla/Desktop/turtlebot3_ws/install/turtlebot3:/home/leyla/Desktop/turtlebot3_ws/install/turtlebot3_bringup:/home/leyla/Desktop/turtlebot3_ws/install/turtlebot3_node:/home/leyla/Desktop/turtlebot3_ws/install/turtlebot3_navigation2:/home/leyla/Desktop/turtlebot3_ws/install/turtlebot3_gazebo:/home/leyla/Desktop/turtlebot3_ws/install/turtlebot3_description:/home/leyla/Desktop/turtlebot3_ws/install/turtlebot3_cartographer:/home/leyla/Desktop/nexus_ws/install/turtlebot3_navigation2:/home/leyla/Desktop/nexus_ws/install/turtlebot3_cartographer:/home/leyla/Desktop/nexus_ws/install/rosbridge_test_msgs:/home/leyla/Desktop/nexus_ws/install/rosbridge_suite:/home/leyla/Desktop/nexus_ws/install/rosbridge_server:/home/leyla/Desktop/nexus_ws/install/rosbridge_msgs:/home/leyla/Desktop/nexus_ws/install/rosapi:/home/leyla/Desktop/nexus_ws/install/rosbridge_library:/home/leyla/Desktop/nexus_ws/install/rosapi_msgs:/home/leyla/Desktop/nexus_ws/install/linorobot2_navigation:/home/leyla/Desktop/nexus_ws/install/gazebo_ros_pkgs:/home/leyla/Desktop/nexus_ws/install/gazebo_ros:/home/leyla/Desktop/nexus_ws/install/gazebo_msgs:/home/leyla/Desktop/nexus_ws/install/gazebo_dev:/home/leyla/Desktop/linorobot2_ws/install/linorobot2_viz:/home/leyla/Desktop/linorobot2_ws/install/linorobot2_navigation:/home/leyla/Desktop/linorobot2_ws/install/linorobot2_gazebo:/home/leyla/Desktop/linorobot2_ws/install/linorobot2_description:/home/leyla/Desktop/linorobot2_ws/install/linorobot2_bringup:/home/leyla/Desktop/linorobot2_ws/install/linorobot2_base:/home/leyla/Desktop/linorobot2_ws/install/linorobot2:/home/leyla/Desktop/robot_con_ws/install/robot_description:/home/leyla/Desktop/turtlebot3_ws/install/turtlebot3_teleop:/home/leyla/Desktop/turtlebot3_ws/install/turtlebot3_example:/home/leyla/Desktop/nexus_ws/install/manual:/home/leyla/Desktop/nexus_ws/install/code_py:/home/leyla/Desktop/nexus_ws/install/ucb_interface:/home/leyla/Desktop/nexus_ws/install/robot_description:/home/leyla/Desktop/robot_con_ws/install/control_py:/home/leyla/Desktop/ver_ws/install/stage_ros2:/home/leyla/Desktop/ver_ws/install/robot_nav:/home/leyla/Desktop/ver_ws/install/navigation_tb3:/home/leyla/Desktop/ver_ws/install/cartographer_rviz:/home/leyla/Desktop/ver_ws/install/cartographer_ros:/home/leyla/Desktop/ver_ws/install/cartographer_ros_msgs:/home/leyla/Desktop/newvis_ws/install/panda_movet:/opt/ros/humble:/home/leyla/Desktop/robot_con_ws/install/ensamblaje_jpac2:/home/leyla/Desktop/ver_ws/install/Stage:/home/leyla/Documents/ejercicio2_ws/install/test_move:/home/leyla/Documents/ejercicio2_ws/install/panda_movet:/home/leyla/Desktop/newvis_ws/install/panda_assist:/home/leyla/Desktop/newvis_ws/install/robot_description /usr/bin/cmake --install /home/leyla/Desktop/Presentar/navegation_ws/build/turtlebot3_cartographer
[0.352s] Level 1:colcon.colcon_core.environment:checking '/home/leyla/Desktop/Presentar/navegation_ws/install/turtlebot3_cartographer' for CMake module files
[0.353s] Level 1:colcon.colcon_core.environment:checking '/home/leyla/Desktop/Presentar/navegation_ws/install/turtlebot3_cartographer' for CMake config files
[0.353s] Level 1:colcon.colcon_core.shell:create_environment_hook('turtlebot3_cartographer', 'cmake_prefix_path')
[0.354s] INFO:colcon.colcon_core.shell:Creating environment hook '/home/leyla/Desktop/Presentar/navegation_ws/install/turtlebot3_cartographer/share/turtlebot3_cartographer/hook/cmake_prefix_path.ps1'
[0.354s] INFO:colcon.colcon_core.shell:Creating environment descriptor '/home/leyla/Desktop/Presentar/navegation_ws/install/turtlebot3_cartographer/share/turtlebot3_cartographer/hook/cmake_prefix_path.dsv'
[0.355s] INFO:colcon.colcon_core.shell:Creating environment hook '/home/leyla/Desktop/Presentar/navegation_ws/install/turtlebot3_cartographer/share/turtlebot3_cartographer/hook/cmake_prefix_path.sh'
[0.355s] Level 1:colcon.colcon_core.environment:checking '/home/leyla/Desktop/Presentar/navegation_ws/install/turtlebot3_cartographer/bin'
[0.356s] Level 1:colcon.colcon_core.environment:checking '/home/leyla/Desktop/Presentar/navegation_ws/install/turtlebot3_cartographer/lib/pkgconfig/turtlebot3_cartographer.pc'
[0.356s] Level 1:colcon.colcon_core.environment:checking '/home/leyla/Desktop/Presentar/navegation_ws/install/turtlebot3_cartographer/lib/python3.10/site-packages'
[0.356s] Level 1:colcon.colcon_core.environment:checking '/home/leyla/Desktop/Presentar/navegation_ws/install/turtlebot3_cartographer/bin'
[0.356s] INFO:colcon.colcon_core.shell:Creating package script '/home/leyla/Desktop/Presentar/navegation_ws/install/turtlebot3_cartographer/share/turtlebot3_cartographer/package.ps1'
[0.357s] INFO:colcon.colcon_core.shell:Creating package descriptor '/home/leyla/Desktop/Presentar/navegation_ws/install/turtlebot3_cartographer/share/turtlebot3_cartographer/package.dsv'
[0.357s] INFO:colcon.colcon_core.shell:Creating package script '/home/leyla/Desktop/Presentar/navegation_ws/install/turtlebot3_cartographer/share/turtlebot3_cartographer/package.sh'
[0.357s] INFO:colcon.colcon_core.shell:Creating package script '/home/leyla/Desktop/Presentar/navegation_ws/install/turtlebot3_cartographer/share/turtlebot3_cartographer/package.bash'
[0.358s] INFO:colcon.colcon_core.shell:Creating package script '/home/leyla/Desktop/Presentar/navegation_ws/install/turtlebot3_cartographer/share/turtlebot3_cartographer/package.zsh'
[0.358s] Level 1:colcon.colcon_core.environment:create_file_with_runtime_dependencies(/home/leyla/Desktop/Presentar/navegation_ws/install/turtlebot3_cartographer/share/colcon-core/packages/turtlebot3_cartographer)
[0.358s] Level 1:colcon.colcon_core.environment:create_environment_scripts_only(turtlebot3_cartographer)
[0.359s] Level 1:colcon.colcon_core.environment:checking '/home/leyla/Desktop/Presentar/navegation_ws/install/turtlebot3_cartographer' for CMake module files
[0.359s] Level 1:colcon.colcon_core.environment:checking '/home/leyla/Desktop/Presentar/navegation_ws/install/turtlebot3_cartographer' for CMake config files
[0.359s] Level 1:colcon.colcon_core.shell:create_environment_hook('turtlebot3_cartographer', 'cmake_prefix_path')
[0.359s] INFO:colcon.colcon_core.shell:Creating environment hook '/home/leyla/Desktop/Presentar/navegation_ws/install/turtlebot3_cartographer/share/turtlebot3_cartographer/hook/cmake_prefix_path.ps1'
[0.359s] INFO:colcon.colcon_core.shell:Creating environment descriptor '/home/leyla/Desktop/Presentar/navegation_ws/install/turtlebot3_cartographer/share/turtlebot3_cartographer/hook/cmake_prefix_path.dsv'
[0.359s] INFO:colcon.colcon_core.shell:Creating environment hook '/home/leyla/Desktop/Presentar/navegation_ws/install/turtlebot3_cartographer/share/turtlebot3_cartographer/hook/cmake_prefix_path.sh'
[0.360s] Level 1:colcon.colcon_core.environment:checking '/home/leyla/Desktop/Presentar/navegation_ws/install/turtlebot3_cartographer/bin'
[0.360s] Level 1:colcon.colcon_core.environment:checking '/home/leyla/Desktop/Presentar/navegation_ws/install/turtlebot3_cartographer/lib/pkgconfig/turtlebot3_cartographer.pc'
[0.360s] Level 1:colcon.colcon_core.environment:checking '/home/leyla/Desktop/Presentar/navegation_ws/install/turtlebot3_cartographer/lib/python3.10/site-packages'
[0.360s] Level 1:colcon.colcon_core.environment:checking '/home/leyla/Desktop/Presentar/navegation_ws/install/turtlebot3_cartographer/bin'
[0.360s] INFO:colcon.colcon_core.shell:Creating package script '/home/leyla/Desktop/Presentar/navegation_ws/install/turtlebot3_cartographer/share/turtlebot3_cartographer/package.ps1'
[0.361s] INFO:colcon.colcon_core.shell:Creating package descriptor '/home/leyla/Desktop/Presentar/navegation_ws/install/turtlebot3_cartographer/share/turtlebot3_cartographer/package.dsv'
[0.361s] INFO:colcon.colcon_core.shell:Creating package script '/home/leyla/Desktop/Presentar/navegation_ws/install/turtlebot3_cartographer/share/turtlebot3_cartographer/package.sh'
[0.361s] INFO:colcon.colcon_core.shell:Creating package script '/home/leyla/Desktop/Presentar/navegation_ws/install/turtlebot3_cartographer/share/turtlebot3_cartographer/package.bash'
[0.361s] INFO:colcon.colcon_core.shell:Creating package script '/home/leyla/Desktop/Presentar/navegation_ws/install/turtlebot3_cartographer/share/turtlebot3_cartographer/package.zsh'
[0.362s] Level 1:colcon.colcon_core.environment:create_file_with_runtime_dependencies(/home/leyla/Desktop/Presentar/navegation_ws/install/turtlebot3_cartographer/share/colcon-core/packages/turtlebot3_cartographer)
[0.362s] Level 1:colcon.colcon_core.environment:create_environment_scripts_only(turtlebot3_navigation2)
[0.363s] Level 1:colcon.colcon_core.environment:checking '/home/leyla/Desktop/Presentar/navegation_ws/install/turtlebot3_navigation2' for CMake module files
[0.363s] Level 1:colcon.colcon_core.environment:checking '/home/leyla/Desktop/Presentar/navegation_ws/install/turtlebot3_navigation2' for CMake config files
[0.363s] DEBUG:colcon.colcon_core.event_handler.log_command:Invoked command in '/home/leyla/Desktop/Presentar/navegation_ws/build/turtlebot3_navigation2' returned '0': CMAKE_PREFIX_PATH=/home/leyla/Desktop/Presentar/navegation_ws/install/turtlebot3_navigation2:/home/leyla/Desktop/Presentar/navegation_ws/install/turtlebot3_cartographer:/home/leyla/Desktop/Presentar/navegation_ws/install/robot_description:/home/leyla/Desktop/turtlebot3_ws/install/turtlebot3:/home/leyla/Desktop/turtlebot3_ws/install/turtlebot3_bringup:/home/leyla/Desktop/turtlebot3_ws/install/turtlebot3_node:/home/leyla/Desktop/turtlebot3_ws/install/turtlebot3_navigation2:/home/leyla/Desktop/turtlebot3_ws/install/turtlebot3_gazebo:/home/leyla/Desktop/turtlebot3_ws/install/turtlebot3_description:/home/leyla/Desktop/turtlebot3_ws/install/turtlebot3_cartographer:/home/leyla/Desktop/nexus_ws/install/turtlebot3_navigation2:/home/leyla/Desktop/nexus_ws/install/turtlebot3_cartographer:/home/leyla/Desktop/nexus_ws/install/rosbridge_test_msgs:/home/leyla/Desktop/nexus_ws/install/rosbridge_suite:/home/leyla/Desktop/nexus_ws/install/rosbridge_server:/home/leyla/Desktop/nexus_ws/install/rosbridge_msgs:/home/leyla/Desktop/nexus_ws/install/rosapi:/home/leyla/Desktop/nexus_ws/install/rosbridge_library:/home/leyla/Desktop/nexus_ws/install/rosapi_msgs:/home/leyla/Desktop/nexus_ws/install/linorobot2_navigation:/home/leyla/Desktop/nexus_ws/install/gazebo_ros_pkgs:/home/leyla/Desktop/nexus_ws/install/gazebo_ros:/home/leyla/Desktop/nexus_ws/install/gazebo_msgs:/home/leyla/Desktop/nexus_ws/install/gazebo_dev:/home/leyla/Desktop/linorobot2_ws/install/linorobot2_viz:/home/leyla/Desktop/linorobot2_ws/install/linorobot2_navigation:/home/leyla/Desktop/linorobot2_ws/install/linorobot2_gazebo:/home/leyla/Desktop/linorobot2_ws/install/linorobot2_description:/home/leyla/Desktop/linorobot2_ws/install/linorobot2_bringup:/home/leyla/Desktop/linorobot2_ws/install/linorobot2_base:/home/leyla/Desktop/linorobot2_ws/install/linorobot2:/home/leyla/Desktop/robot_con_ws/install/robot_description:/home/leyla/Desktop/turtlebot3_ws/install/turtlebot3_teleop:/home/leyla/Desktop/turtlebot3_ws/install/turtlebot3_example:/home/leyla/Desktop/nexus_ws/install/manual:/home/leyla/Desktop/nexus_ws/install/code_py:/home/leyla/Desktop/nexus_ws/install/ucb_interface:/home/leyla/Desktop/nexus_ws/install/robot_description:/home/leyla/Desktop/robot_con_ws/install/control_py:/home/leyla/Desktop/ver_ws/install/stage_ros2:/home/leyla/Desktop/ver_ws/install/robot_nav:/home/leyla/Desktop/ver_ws/install/navigation_tb3:/home/leyla/Desktop/ver_ws/install/cartographer_rviz:/home/leyla/Desktop/ver_ws/install/cartographer_ros:/home/leyla/Desktop/ver_ws/install/cartographer_ros_msgs:/home/leyla/Desktop/newvis_ws/install/panda_movet:/opt/ros/humble:/home/leyla/Desktop/robot_con_ws/install/ensamblaje_jpac2:/home/leyla/Desktop/ver_ws/install/Stage:/home/leyla/Documents/ejercicio2_ws/install/test_move:/home/leyla/Documents/ejercicio2_ws/install/panda_movet:/home/leyla/Desktop/newvis_ws/install/panda_assist:/home/leyla/Desktop/newvis_ws/install/robot_description /usr/bin/cmake --install /home/leyla/Desktop/Presentar/navegation_ws/build/turtlebot3_navigation2
[0.364s] Level 1:colcon.colcon_core.shell:create_environment_hook('turtlebot3_navigation2', 'cmake_prefix_path')
[0.364s] INFO:colcon.colcon_core.shell:Creating environment hook '/home/leyla/Desktop/Presentar/navegation_ws/install/turtlebot3_navigation2/share/turtlebot3_navigation2/hook/cmake_prefix_path.ps1'
[0.364s] INFO:colcon.colcon_core.shell:Creating environment descriptor '/home/leyla/Desktop/Presentar/navegation_ws/install/turtlebot3_navigation2/share/turtlebot3_navigation2/hook/cmake_prefix_path.dsv'
[0.364s] INFO:colcon.colcon_core.shell:Creating environment hook '/home/leyla/Desktop/Presentar/navegation_ws/install/turtlebot3_navigation2/share/turtlebot3_navigation2/hook/cmake_prefix_path.sh'
[0.364s] Level 1:colcon.colcon_core.environment:checking '/home/leyla/Desktop/Presentar/navegation_ws/install/turtlebot3_navigation2/bin'
[0.365s] Level 1:colcon.colcon_core.environment:checking '/home/leyla/Desktop/Presentar/navegation_ws/install/turtlebot3_navigation2/lib/pkgconfig/turtlebot3_navigation2.pc'
[0.365s] Level 1:colcon.colcon_core.environment:checking '/home/leyla/Desktop/Presentar/navegation_ws/install/turtlebot3_navigation2/lib/python3.10/site-packages'
[0.365s] Level 1:colcon.colcon_core.environment:checking '/home/leyla/Desktop/Presentar/navegation_ws/install/turtlebot3_navigation2/bin'
[0.365s] INFO:colcon.colcon_core.shell:Creating package script '/home/leyla/Desktop/Presentar/navegation_ws/install/turtlebot3_navigation2/share/turtlebot3_navigation2/package.ps1'
[0.365s] INFO:colcon.colcon_core.shell:Creating package descriptor '/home/leyla/Desktop/Presentar/navegation_ws/install/turtlebot3_navigation2/share/turtlebot3_navigation2/package.dsv'
[0.365s] INFO:colcon.colcon_core.shell:Creating package script '/home/leyla/Desktop/Presentar/navegation_ws/install/turtlebot3_navigation2/share/turtlebot3_navigation2/package.sh'
[0.366s] INFO:colcon.colcon_core.shell:Creating package script '/home/leyla/Desktop/Presentar/navegation_ws/install/turtlebot3_navigation2/share/turtlebot3_navigation2/package.bash'
[0.366s] INFO:colcon.colcon_core.shell:Creating package script '/home/leyla/Desktop/Presentar/navegation_ws/install/turtlebot3_navigation2/share/turtlebot3_navigation2/package.zsh'
[0.366s] Level 1:colcon.colcon_core.environment:create_file_with_runtime_dependencies(/home/leyla/Desktop/Presentar/navegation_ws/install/turtlebot3_navigation2/share/colcon-core/packages/turtlebot3_navigation2)
[0.366s] Level 1:colcon.colcon_core.environment:create_environment_scripts_only(turtlebot3_navigation2)
[0.367s] Level 1:colcon.colcon_core.environment:checking '/home/leyla/Desktop/Presentar/navegation_ws/install/turtlebot3_navigation2' for CMake module files
[0.367s] Level 1:colcon.colcon_core.environment:checking '/home/leyla/Desktop/Presentar/navegation_ws/install/turtlebot3_navigation2' for CMake config files
[0.367s] Level 1:colcon.colcon_core.shell:create_environment_hook('turtlebot3_navigation2', 'cmake_prefix_path')
[0.367s] INFO:colcon.colcon_core.shell:Creating environment hook '/home/leyla/Desktop/Presentar/navegation_ws/install/turtlebot3_navigation2/share/turtlebot3_navigation2/hook/cmake_prefix_path.ps1'
[0.367s] INFO:colcon.colcon_core.shell:Creating environment descriptor '/home/leyla/Desktop/Presentar/navegation_ws/install/turtlebot3_navigation2/share/turtlebot3_navigation2/hook/cmake_prefix_path.dsv'
[0.367s] INFO:colcon.colcon_core.shell:Creating environment hook '/home/leyla/Desktop/Presentar/navegation_ws/install/turtlebot3_navigation2/share/turtlebot3_navigation2/hook/cmake_prefix_path.sh'
[0.368s] Level 1:colcon.colcon_core.environment:checking '/home/leyla/Desktop/Presentar/navegation_ws/install/turtlebot3_navigation2/bin'
[0.368s] Level 1:colcon.colcon_core.environment:checking '/home/leyla/Desktop/Presentar/navegation_ws/install/turtlebot3_navigation2/lib/pkgconfig/turtlebot3_navigation2.pc'
[0.368s] Level 1:colcon.colcon_core.environment:checking '/home/leyla/Desktop/Presentar/navegation_ws/install/turtlebot3_navigation2/lib/python3.10/site-packages'
[0.368s] Level 1:colcon.colcon_core.environment:checking '/home/leyla/Desktop/Presentar/navegation_ws/install/turtlebot3_navigation2/bin'
[0.368s] INFO:colcon.colcon_core.shell:Creating package script '/home/leyla/Desktop/Presentar/navegation_ws/install/turtlebot3_navigation2/share/turtlebot3_navigation2/package.ps1'
[0.369s] INFO:colcon.colcon_core.shell:Creating package descriptor '/home/leyla/Desktop/Presentar/navegation_ws/install/turtlebot3_navigation2/share/turtlebot3_navigation2/package.dsv'
[0.369s] INFO:colcon.colcon_core.shell:Creating package script '/home/leyla/Desktop/Presentar/navegation_ws/install/turtlebot3_navigation2/share/turtlebot3_navigation2/package.sh'
[0.369s] INFO:colcon.colcon_core.shell:Creating package script '/home/leyla/Desktop/Presentar/navegation_ws/install/turtlebot3_navigation2/share/turtlebot3_navigation2/package.bash'
[0.369s] INFO:colcon.colcon_core.shell:Creating package script '/home/leyla/Desktop/Presentar/navegation_ws/install/turtlebot3_navigation2/share/turtlebot3_navigation2/package.zsh'
[0.370s] Level 1:colcon.colcon_core.environment:create_file_with_runtime_dependencies(/home/leyla/Desktop/Presentar/navegation_ws/install/turtlebot3_navigation2/share/colcon-core/packages/turtlebot3_navigation2)
[0.370s] Level 1:colcon.colcon_core.environment:create_environment_scripts_only(robot_description)
[0.370s] Level 1:colcon.colcon_core.environment:checking '/home/leyla/Desktop/Presentar/navegation_ws/install/robot_description' for CMake module files
[0.371s] Level 1:colcon.colcon_core.environment:checking '/home/leyla/Desktop/Presentar/navegation_ws/install/robot_description' for CMake config files
[0.371s] DEBUG:colcon.colcon_core.event_handler.log_command:Invoked command in '/home/leyla/Desktop/Presentar/navegation_ws/build/robot_description' returned '0': CMAKE_PREFIX_PATH=/home/leyla/Desktop/Presentar/navegation_ws/install/turtlebot3_navigation2:/home/leyla/Desktop/Presentar/navegation_ws/install/turtlebot3_cartographer:/home/leyla/Desktop/Presentar/navegation_ws/install/robot_description:/home/leyla/Desktop/turtlebot3_ws/install/turtlebot3:/home/leyla/Desktop/turtlebot3_ws/install/turtlebot3_bringup:/home/leyla/Desktop/turtlebot3_ws/install/turtlebot3_node:/home/leyla/Desktop/turtlebot3_ws/install/turtlebot3_navigation2:/home/leyla/Desktop/turtlebot3_ws/install/turtlebot3_gazebo:/home/leyla/Desktop/turtlebot3_ws/install/turtlebot3_description:/home/leyla/Desktop/turtlebot3_ws/install/turtlebot3_cartographer:/home/leyla/Desktop/nexus_ws/install/turtlebot3_navigation2:/home/leyla/Desktop/nexus_ws/install/turtlebot3_cartographer:/home/leyla/Desktop/nexus_ws/install/rosbridge_test_msgs:/home/leyla/Desktop/nexus_ws/install/rosbridge_suite:/home/leyla/Desktop/nexus_ws/install/rosbridge_server:/home/leyla/Desktop/nexus_ws/install/rosbridge_msgs:/home/leyla/Desktop/nexus_ws/install/rosapi:/home/leyla/Desktop/nexus_ws/install/rosbridge_library:/home/leyla/Desktop/nexus_ws/install/rosapi_msgs:/home/leyla/Desktop/nexus_ws/install/linorobot2_navigation:/home/leyla/Desktop/nexus_ws/install/gazebo_ros_pkgs:/home/leyla/Desktop/nexus_ws/install/gazebo_ros:/home/leyla/Desktop/nexus_ws/install/gazebo_msgs:/home/leyla/Desktop/nexus_ws/install/gazebo_dev:/home/leyla/Desktop/linorobot2_ws/install/linorobot2_viz:/home/leyla/Desktop/linorobot2_ws/install/linorobot2_navigation:/home/leyla/Desktop/linorobot2_ws/install/linorobot2_gazebo:/home/leyla/Desktop/linorobot2_ws/install/linorobot2_description:/home/leyla/Desktop/linorobot2_ws/install/linorobot2_bringup:/home/leyla/Desktop/linorobot2_ws/install/linorobot2_base:/home/leyla/Desktop/linorobot2_ws/install/linorobot2:/home/leyla/Desktop/robot_con_ws/install/robot_description:/home/leyla/Desktop/turtlebot3_ws/install/turtlebot3_teleop:/home/leyla/Desktop/turtlebot3_ws/install/turtlebot3_example:/home/leyla/Desktop/nexus_ws/install/manual:/home/leyla/Desktop/nexus_ws/install/code_py:/home/leyla/Desktop/nexus_ws/install/ucb_interface:/home/leyla/Desktop/nexus_ws/install/robot_description:/home/leyla/Desktop/robot_con_ws/install/control_py:/home/leyla/Desktop/ver_ws/install/stage_ros2:/home/leyla/Desktop/ver_ws/install/robot_nav:/home/leyla/Desktop/ver_ws/install/navigation_tb3:/home/leyla/Desktop/ver_ws/install/cartographer_rviz:/home/leyla/Desktop/ver_ws/install/cartographer_ros:/home/leyla/Desktop/ver_ws/install/cartographer_ros_msgs:/home/leyla/Desktop/newvis_ws/install/panda_movet:/opt/ros/humble:/home/leyla/Desktop/robot_con_ws/install/ensamblaje_jpac2:/home/leyla/Desktop/ver_ws/install/Stage:/home/leyla/Documents/ejercicio2_ws/install/test_move:/home/leyla/Documents/ejercicio2_ws/install/panda_movet:/home/leyla/Desktop/newvis_ws/install/panda_assist:/home/leyla/Desktop/newvis_ws/install/robot_description /usr/bin/cmake --install /home/leyla/Desktop/Presentar/navegation_ws/build/robot_description
[0.371s] Level 1:colcon.colcon_core.shell:create_environment_hook('robot_description', 'cmake_prefix_path')
[0.371s] INFO:colcon.colcon_core.shell:Creating environment hook '/home/leyla/Desktop/Presentar/navegation_ws/install/robot_description/share/robot_description/hook/cmake_prefix_path.ps1'
[0.372s] INFO:colcon.colcon_core.shell:Creating environment descriptor '/home/leyla/Desktop/Presentar/navegation_ws/install/robot_description/share/robot_description/hook/cmake_prefix_path.dsv'
[0.372s] INFO:colcon.colcon_core.shell:Creating environment hook '/home/leyla/Desktop/Presentar/navegation_ws/install/robot_description/share/robot_description/hook/cmake_prefix_path.sh'
[0.372s] Level 1:colcon.colcon_core.environment:checking '/home/leyla/Desktop/Presentar/navegation_ws/install/robot_description/lib'
[0.372s] Level 1:colcon.colcon_core.environment:checking '/home/leyla/Desktop/Presentar/navegation_ws/install/robot_description/bin'
[0.372s] Level 1:colcon.colcon_core.environment:checking '/home/leyla/Desktop/Presentar/navegation_ws/install/robot_description/lib/pkgconfig/robot_description.pc'
[0.372s] Level 1:colcon.colcon_core.environment:checking '/home/leyla/Desktop/Presentar/navegation_ws/install/robot_description/lib/python3.10/site-packages'
[0.373s] Level 1:colcon.colcon_core.environment:checking '/home/leyla/Desktop/Presentar/navegation_ws/install/robot_description/bin'
[0.373s] INFO:colcon.colcon_core.shell:Creating package script '/home/leyla/Desktop/Presentar/navegation_ws/install/robot_description/share/robot_description/package.ps1'
[0.373s] INFO:colcon.colcon_core.shell:Creating package descriptor '/home/leyla/Desktop/Presentar/navegation_ws/install/robot_description/share/robot_description/package.dsv'
[0.373s] INFO:colcon.colcon_core.shell:Creating package script '/home/leyla/Desktop/Presentar/navegation_ws/install/robot_description/share/robot_description/package.sh'
[0.374s] INFO:colcon.colcon_core.shell:Creating package script '/home/leyla/Desktop/Presentar/navegation_ws/install/robot_description/share/robot_description/package.bash'
[0.374s] INFO:colcon.colcon_core.shell:Creating package script '/home/leyla/Desktop/Presentar/navegation_ws/install/robot_description/share/robot_description/package.zsh'
[0.374s] Level 1:colcon.colcon_core.environment:create_file_with_runtime_dependencies(/home/leyla/Desktop/Presentar/navegation_ws/install/robot_description/share/colcon-core/packages/robot_description)
[0.374s] Level 1:colcon.colcon_core.environment:create_environment_scripts_only(robot_description)
[0.374s] Level 1:colcon.colcon_core.environment:checking '/home/leyla/Desktop/Presentar/navegation_ws/install/robot_description' for CMake module files
[0.375s] Level 1:colcon.colcon_core.environment:checking '/home/leyla/Desktop/Presentar/navegation_ws/install/robot_description' for CMake config files
[0.375s] Level 1:colcon.colcon_core.shell:create_environment_hook('robot_description', 'cmake_prefix_path')
[0.375s] INFO:colcon.colcon_core.shell:Creating environment hook '/home/leyla/Desktop/Presentar/navegation_ws/install/robot_description/share/robot_description/hook/cmake_prefix_path.ps1'
[0.375s] INFO:colcon.colcon_core.shell:Creating environment descriptor '/home/leyla/Desktop/Presentar/navegation_ws/install/robot_description/share/robot_description/hook/cmake_prefix_path.dsv'
[0.376s] INFO:colcon.colcon_core.shell:Creating environment hook '/home/leyla/Desktop/Presentar/navegation_ws/install/robot_description/share/robot_description/hook/cmake_prefix_path.sh'
[0.376s] Level 1:colcon.colcon_core.environment:checking '/home/leyla/Desktop/Presentar/navegation_ws/install/robot_description/lib'
[0.376s] Level 1:colcon.colcon_core.environment:checking '/home/leyla/Desktop/Presentar/navegation_ws/install/robot_description/bin'
[0.376s] Level 1:colcon.colcon_core.environment:checking '/home/leyla/Desktop/Presentar/navegation_ws/install/robot_description/lib/pkgconfig/robot_description.pc'
[0.376s] Level 1:colcon.colcon_core.environment:checking '/home/leyla/Desktop/Presentar/navegation_ws/install/robot_description/lib/python3.10/site-packages'
[0.376s] Level 1:colcon.colcon_core.environment:checking '/home/leyla/Desktop/Presentar/navegation_ws/install/robot_description/bin'
[0.377s] INFO:colcon.colcon_core.shell:Creating package script '/home/leyla/Desktop/Presentar/navegation_ws/install/robot_description/share/robot_description/package.ps1'
[0.377s] INFO:colcon.colcon_core.shell:Creating package descriptor '/home/leyla/Desktop/Presentar/navegation_ws/install/robot_description/share/robot_description/package.dsv'
[0.377s] INFO:colcon.colcon_core.shell:Creating package script '/home/leyla/Desktop/Presentar/navegation_ws/install/robot_description/share/robot_description/package.sh'
[0.377s] INFO:colcon.colcon_core.shell:Creating package script '/home/leyla/Desktop/Presentar/navegation_ws/install/robot_description/share/robot_description/package.bash'
[0.378s] INFO:colcon.colcon_core.shell:Creating package script '/home/leyla/Desktop/Presentar/navegation_ws/install/robot_description/share/robot_description/package.zsh'
[0.378s] Level 1:colcon.colcon_core.environment:create_file_with_runtime_dependencies(/home/leyla/Desktop/Presentar/navegation_ws/install/robot_description/share/colcon-core/packages/robot_description)
[0.378s] DEBUG:colcon.colcon_parallel_executor.executor.parallel:closing loop
[0.378s] DEBUG:colcon.colcon_parallel_executor.executor.parallel:loop closed
[0.378s] DEBUG:colcon.colcon_parallel_executor.executor.parallel:run_until_complete finished with '0'
[0.378s] DEBUG:colcon.colcon_core.event_reactor:joining thread
[0.382s] INFO:colcon.colcon_core.plugin_system:Skipping extension 'colcon_notification.desktop_notification.terminal_notifier': Not used on non-Darwin systems
[0.382s] INFO:colcon.colcon_core.plugin_system:Skipping extension 'colcon_notification.desktop_notification.win32': Not used on non-Windows systems
[0.382s] INFO:colcon.colcon_notification.desktop_notification:Sending desktop notification using 'notify2'
[0.393s] DEBUG:colcon.colcon_core.event_reactor:joined thread
[0.393s] INFO:colcon.colcon_core.shell:Creating prefix script '/home/leyla/Desktop/Presentar/navegation_ws/install/local_setup.ps1'
[0.394s] INFO:colcon.colcon_core.shell:Creating prefix util module '/home/leyla/Desktop/Presentar/navegation_ws/install/_local_setup_util_ps1.py'
[0.394s] INFO:colcon.colcon_core.shell:Creating prefix chain script '/home/leyla/Desktop/Presentar/navegation_ws/install/setup.ps1'
[0.396s] INFO:colcon.colcon_core.shell:Creating prefix script '/home/leyla/Desktop/Presentar/navegation_ws/install/local_setup.sh'
[0.397s] INFO:colcon.colcon_core.shell:Creating prefix util module '/home/leyla/Desktop/Presentar/navegation_ws/install/_local_setup_util_sh.py'
[0.397s] INFO:colcon.colcon_core.shell:Creating prefix chain script '/home/leyla/Desktop/Presentar/navegation_ws/install/setup.sh'
[0.398s] INFO:colcon.colcon_core.shell:Creating prefix script '/home/leyla/Desktop/Presentar/navegation_ws/install/local_setup.bash'
[0.399s] INFO:colcon.colcon_core.shell:Creating prefix chain script '/home/leyla/Desktop/Presentar/navegation_ws/install/setup.bash'
[0.400s] INFO:colcon.colcon_core.shell:Creating prefix script '/home/leyla/Desktop/Presentar/navegation_ws/install/local_setup.zsh'
[0.401s] INFO:colcon.colcon_core.shell:Creating prefix chain script '/home/leyla/Desktop/Presentar/navegation_ws/install/setup.zsh'
