-- Install configuration: ""
-- Installing: /home/leyla/Desktop/Presentar/navegation_ws/install/turtlebot3_navigation2/share/turtlebot3_navigation2/launch
-- Installing: /home/leyla/Desktop/Presentar/navegation_ws/install/turtlebot3_navigation2/share/turtlebot3_navigation2/launch/navigation2.launch.py
-- Installing: /home/leyla/Desktop/Presentar/navegation_ws/install/turtlebot3_navigation2/share/turtlebot3_navigation2/map
-- Installing: /home/leyla/Desktop/Presentar/navegation_ws/install/turtlebot3_navigation2/share/turtlebot3_navigation2/map/jpac2_p1.pgm
-- Installing: /home/leyla/Desktop/Presentar/navegation_ws/install/turtlebot3_navigation2/share/turtlebot3_navigation2/map/jpac2_p1.yaml
-- Installing: /home/leyla/Desktop/Presentar/navegation_ws/install/turtlebot3_navigation2/share/turtlebot3_navigation2/map/map.yaml
-- Installing: /home/leyla/Desktop/Presentar/navegation_ws/install/turtlebot3_navigation2/share/turtlebot3_navigation2/map/map.pgm
-- Installing: /home/leyla/Desktop/Presentar/navegation_ws/install/turtlebot3_navigation2/share/turtlebot3_navigation2/param
-- Installing: /home/leyla/Desktop/Presentar/navegation_ws/install/turtlebot3_navigation2/share/turtlebot3_navigation2/param/humble
-- Installing: /home/leyla/Desktop/Presentar/navegation_ws/install/turtlebot3_navigation2/share/turtlebot3_navigation2/param/humble/waffle.yaml
-- Installing: /home/leyla/Desktop/Presentar/navegation_ws/install/turtlebot3_navigation2/share/turtlebot3_navigation2/rviz
-- Installing: /home/leyla/Desktop/Presentar/navegation_ws/install/turtlebot3_navigation2/share/turtlebot3_navigation2/rviz/tb3_navigation2.rviz
-- Installing: /home/leyla/Desktop/Presentar/navegation_ws/install/turtlebot3_navigation2/share/ament_index/resource_index/package_run_dependencies/turtlebot3_navigation2
-- Installing: /home/leyla/Desktop/Presentar/navegation_ws/install/turtlebot3_navigation2/share/ament_index/resource_index/parent_prefix_path/turtlebot3_navigation2
-- Installing: /home/leyla/Desktop/Presentar/navegation_ws/install/turtlebot3_navigation2/share/turtlebot3_navigation2/environment/ament_prefix_path.sh
-- Installing: /home/leyla/Desktop/Presentar/navegation_ws/install/turtlebot3_navigation2/share/turtlebot3_navigation2/environment/ament_prefix_path.dsv
-- Installing: /home/leyla/Desktop/Presentar/navegation_ws/install/turtlebot3_navigation2/share/turtlebot3_navigation2/environment/path.sh
-- Installing: /home/leyla/Desktop/Presentar/navegation_ws/install/turtlebot3_navigation2/share/turtlebot3_navigation2/environment/path.dsv
-- Installing: /home/leyla/Desktop/Presentar/navegation_ws/install/turtlebot3_navigation2/share/turtlebot3_navigation2/local_setup.bash
-- Installing: /home/leyla/Desktop/Presentar/navegation_ws/install/turtlebot3_navigation2/share/turtlebot3_navigation2/local_setup.sh
-- Installing: /home/leyla/Desktop/Presentar/navegation_ws/install/turtlebot3_navigation2/share/turtlebot3_navigation2/local_setup.zsh
-- Installing: /home/leyla/Desktop/Presentar/navegation_ws/install/turtlebot3_navigation2/share/turtlebot3_navigation2/local_setup.dsv
-- Installing: /home/leyla/Desktop/Presentar/navegation_ws/install/turtlebot3_navigation2/share/turtlebot3_navigation2/package.dsv
-- Installing: /home/leyla/Desktop/Presentar/navegation_ws/install/turtlebot3_navigation2/share/ament_index/resource_index/packages/turtlebot3_navigation2
-- Installing: /home/leyla/Desktop/Presentar/navegation_ws/install/turtlebot3_navigation2/share/turtlebot3_navigation2/cmake/turtlebot3_navigation2Config.cmake
-- Installing: /home/leyla/Desktop/Presentar/navegation_ws/install/turtlebot3_navigation2/share/turtlebot3_navigation2/cmake/turtlebot3_navigation2Config-version.cmake
-- Installing: /home/leyla/Desktop/Presentar/navegation_ws/install/turtlebot3_navigation2/share/turtlebot3_navigation2/package.xml
