[0.020s] Invoking command in '/home/leyla/Desktop/Presentar/navegation_ws/build/robot_description': CMAKE_PREFIX_PATH=/home/leyla/Desktop/Presentar/navegation_ws/install/turtlebot3_navigation2:/home/leyla/Desktop/Presentar/navegation_ws/install/turtlebot3_cartographer:/home/leyla/Desktop/Presentar/navegation_ws/install/robot_description:/home/leyla/Desktop/turtlebot3_ws/install/turtlebot3:/home/leyla/Desktop/turtlebot3_ws/install/turtlebot3_bringup:/home/leyla/Desktop/turtlebot3_ws/install/turtlebot3_node:/home/leyla/Desktop/turtlebot3_ws/install/turtlebot3_navigation2:/home/leyla/Desktop/turtlebot3_ws/install/turtlebot3_gazebo:/home/leyla/Desktop/turtlebot3_ws/install/turtlebot3_description:/home/leyla/Desktop/turtlebot3_ws/install/turtlebot3_cartographer:/home/leyla/Desktop/nexus_ws/install/turtlebot3_navigation2:/home/leyla/Desktop/nexus_ws/install/turtlebot3_cartographer:/home/leyla/Desktop/nexus_ws/install/rosbridge_test_msgs:/home/leyla/Desktop/nexus_ws/install/rosbridge_suite:/home/leyla/Desktop/nexus_ws/install/rosbridge_server:/home/leyla/Desktop/nexus_ws/install/rosbridge_msgs:/home/leyla/Desktop/nexus_ws/install/rosapi:/home/leyla/Desktop/nexus_ws/install/rosbridge_library:/home/leyla/Desktop/nexus_ws/install/rosapi_msgs:/home/leyla/Desktop/nexus_ws/install/linorobot2_navigation:/home/leyla/Desktop/nexus_ws/install/gazebo_ros_pkgs:/home/leyla/Desktop/nexus_ws/install/gazebo_ros:/home/leyla/Desktop/nexus_ws/install/gazebo_msgs:/home/leyla/Desktop/nexus_ws/install/gazebo_dev:/home/leyla/Desktop/linorobot2_ws/install/linorobot2_viz:/home/leyla/Desktop/linorobot2_ws/install/linorobot2_navigation:/home/leyla/Desktop/linorobot2_ws/install/linorobot2_gazebo:/home/leyla/Desktop/linorobot2_ws/install/linorobot2_description:/home/leyla/Desktop/linorobot2_ws/install/linorobot2_bringup:/home/leyla/Desktop/linorobot2_ws/install/linorobot2_base:/home/leyla/Desktop/linorobot2_ws/install/linorobot2:/home/leyla/Desktop/robot_con_ws/install/robot_description:/home/leyla/Desktop/turtlebot3_ws/install/turtlebot3_teleop:/home/leyla/Desktop/turtlebot3_ws/install/turtlebot3_example:/home/leyla/Desktop/nexus_ws/install/manual:/home/leyla/Desktop/nexus_ws/install/code_py:/home/leyla/Desktop/nexus_ws/install/ucb_interface:/home/leyla/Desktop/nexus_ws/install/robot_description:/home/leyla/Desktop/robot_con_ws/install/control_py:/home/leyla/Desktop/ver_ws/install/stage_ros2:/home/leyla/Desktop/ver_ws/install/robot_nav:/home/leyla/Desktop/ver_ws/install/navigation_tb3:/home/leyla/Desktop/ver_ws/install/cartographer_rviz:/home/leyla/Desktop/ver_ws/install/cartographer_ros:/home/leyla/Desktop/ver_ws/install/cartographer_ros_msgs:/home/leyla/Desktop/newvis_ws/install/panda_movet:/opt/ros/humble:/home/leyla/Desktop/robot_con_ws/install/ensamblaje_jpac2:/home/leyla/Desktop/ver_ws/install/Stage:/home/leyla/Documents/ejercicio2_ws/install/test_move:/home/leyla/Documents/ejercicio2_ws/install/panda_movet:/home/leyla/Desktop/newvis_ws/install/panda_assist:/home/leyla/Desktop/newvis_ws/install/robot_description /usr/bin/cmake --build /home/leyla/Desktop/Presentar/navegation_ws/build/robot_description -- -j20 -l20
[0.065s] Invoked command in '/home/leyla/Desktop/Presentar/navegation_ws/build/robot_description' returned '0': CMAKE_PREFIX_PATH=/home/leyla/Desktop/Presentar/navegation_ws/install/turtlebot3_navigation2:/home/leyla/Desktop/Presentar/navegation_ws/install/turtlebot3_cartographer:/home/leyla/Desktop/Presentar/navegation_ws/install/robot_description:/home/leyla/Desktop/turtlebot3_ws/install/turtlebot3:/home/leyla/Desktop/turtlebot3_ws/install/turtlebot3_bringup:/home/leyla/Desktop/turtlebot3_ws/install/turtlebot3_node:/home/leyla/Desktop/turtlebot3_ws/install/turtlebot3_navigation2:/home/leyla/Desktop/turtlebot3_ws/install/turtlebot3_gazebo:/home/leyla/Desktop/turtlebot3_ws/install/turtlebot3_description:/home/leyla/Desktop/turtlebot3_ws/install/turtlebot3_cartographer:/home/leyla/Desktop/nexus_ws/install/turtlebot3_navigation2:/home/leyla/Desktop/nexus_ws/install/turtlebot3_cartographer:/home/leyla/Desktop/nexus_ws/install/rosbridge_test_msgs:/home/leyla/Desktop/nexus_ws/install/rosbridge_suite:/home/leyla/Desktop/nexus_ws/install/rosbridge_server:/home/leyla/Desktop/nexus_ws/install/rosbridge_msgs:/home/leyla/Desktop/nexus_ws/install/rosapi:/home/leyla/Desktop/nexus_ws/install/rosbridge_library:/home/leyla/Desktop/nexus_ws/install/rosapi_msgs:/home/leyla/Desktop/nexus_ws/install/linorobot2_navigation:/home/leyla/Desktop/nexus_ws/install/gazebo_ros_pkgs:/home/leyla/Desktop/nexus_ws/install/gazebo_ros:/home/leyla/Desktop/nexus_ws/install/gazebo_msgs:/home/leyla/Desktop/nexus_ws/install/gazebo_dev:/home/leyla/Desktop/linorobot2_ws/install/linorobot2_viz:/home/leyla/Desktop/linorobot2_ws/install/linorobot2_navigation:/home/leyla/Desktop/linorobot2_ws/install/linorobot2_gazebo:/home/leyla/Desktop/linorobot2_ws/install/linorobot2_description:/home/leyla/Desktop/linorobot2_ws/install/linorobot2_bringup:/home/leyla/Desktop/linorobot2_ws/install/linorobot2_base:/home/leyla/Desktop/linorobot2_ws/install/linorobot2:/home/leyla/Desktop/robot_con_ws/install/robot_description:/home/leyla/Desktop/turtlebot3_ws/install/turtlebot3_teleop:/home/leyla/Desktop/turtlebot3_ws/install/turtlebot3_example:/home/leyla/Desktop/nexus_ws/install/manual:/home/leyla/Desktop/nexus_ws/install/code_py:/home/leyla/Desktop/nexus_ws/install/ucb_interface:/home/leyla/Desktop/nexus_ws/install/robot_description:/home/leyla/Desktop/robot_con_ws/install/control_py:/home/leyla/Desktop/ver_ws/install/stage_ros2:/home/leyla/Desktop/ver_ws/install/robot_nav:/home/leyla/Desktop/ver_ws/install/navigation_tb3:/home/leyla/Desktop/ver_ws/install/cartographer_rviz:/home/leyla/Desktop/ver_ws/install/cartographer_ros:/home/leyla/Desktop/ver_ws/install/cartographer_ros_msgs:/home/leyla/Desktop/newvis_ws/install/panda_movet:/opt/ros/humble:/home/leyla/Desktop/robot_con_ws/install/ensamblaje_jpac2:/home/leyla/Desktop/ver_ws/install/Stage:/home/leyla/Documents/ejercicio2_ws/install/test_move:/home/leyla/Documents/ejercicio2_ws/install/panda_movet:/home/leyla/Desktop/newvis_ws/install/panda_assist:/home/leyla/Desktop/newvis_ws/install/robot_description /usr/bin/cmake --build /home/leyla/Desktop/Presentar/navegation_ws/build/robot_description -- -j20 -l20
[0.066s] Invoking command in '/home/leyla/Desktop/Presentar/navegation_ws/build/robot_description': CMAKE_PREFIX_PATH=/home/leyla/Desktop/Presentar/navegation_ws/install/turtlebot3_navigation2:/home/leyla/Desktop/Presentar/navegation_ws/install/turtlebot3_cartographer:/home/leyla/Desktop/Presentar/navegation_ws/install/robot_description:/home/leyla/Desktop/turtlebot3_ws/install/turtlebot3:/home/leyla/Desktop/turtlebot3_ws/install/turtlebot3_bringup:/home/leyla/Desktop/turtlebot3_ws/install/turtlebot3_node:/home/leyla/Desktop/turtlebot3_ws/install/turtlebot3_navigation2:/home/leyla/Desktop/turtlebot3_ws/install/turtlebot3_gazebo:/home/leyla/Desktop/turtlebot3_ws/install/turtlebot3_description:/home/leyla/Desktop/turtlebot3_ws/install/turtlebot3_cartographer:/home/leyla/Desktop/nexus_ws/install/turtlebot3_navigation2:/home/leyla/Desktop/nexus_ws/install/turtlebot3_cartographer:/home/leyla/Desktop/nexus_ws/install/rosbridge_test_msgs:/home/leyla/Desktop/nexus_ws/install/rosbridge_suite:/home/leyla/Desktop/nexus_ws/install/rosbridge_server:/home/leyla/Desktop/nexus_ws/install/rosbridge_msgs:/home/leyla/Desktop/nexus_ws/install/rosapi:/home/leyla/Desktop/nexus_ws/install/rosbridge_library:/home/leyla/Desktop/nexus_ws/install/rosapi_msgs:/home/leyla/Desktop/nexus_ws/install/linorobot2_navigation:/home/leyla/Desktop/nexus_ws/install/gazebo_ros_pkgs:/home/leyla/Desktop/nexus_ws/install/gazebo_ros:/home/leyla/Desktop/nexus_ws/install/gazebo_msgs:/home/leyla/Desktop/nexus_ws/install/gazebo_dev:/home/leyla/Desktop/linorobot2_ws/install/linorobot2_viz:/home/leyla/Desktop/linorobot2_ws/install/linorobot2_navigation:/home/leyla/Desktop/linorobot2_ws/install/linorobot2_gazebo:/home/leyla/Desktop/linorobot2_ws/install/linorobot2_description:/home/leyla/Desktop/linorobot2_ws/install/linorobot2_bringup:/home/leyla/Desktop/linorobot2_ws/install/linorobot2_base:/home/leyla/Desktop/linorobot2_ws/install/linorobot2:/home/leyla/Desktop/robot_con_ws/install/robot_description:/home/leyla/Desktop/turtlebot3_ws/install/turtlebot3_teleop:/home/leyla/Desktop/turtlebot3_ws/install/turtlebot3_example:/home/leyla/Desktop/nexus_ws/install/manual:/home/leyla/Desktop/nexus_ws/install/code_py:/home/leyla/Desktop/nexus_ws/install/ucb_interface:/home/leyla/Desktop/nexus_ws/install/robot_description:/home/leyla/Desktop/robot_con_ws/install/control_py:/home/leyla/Desktop/ver_ws/install/stage_ros2:/home/leyla/Desktop/ver_ws/install/robot_nav:/home/leyla/Desktop/ver_ws/install/navigation_tb3:/home/leyla/Desktop/ver_ws/install/cartographer_rviz:/home/leyla/Desktop/ver_ws/install/cartographer_ros:/home/leyla/Desktop/ver_ws/install/cartographer_ros_msgs:/home/leyla/Desktop/newvis_ws/install/panda_movet:/opt/ros/humble:/home/leyla/Desktop/robot_con_ws/install/ensamblaje_jpac2:/home/leyla/Desktop/ver_ws/install/Stage:/home/leyla/Documents/ejercicio2_ws/install/test_move:/home/leyla/Documents/ejercicio2_ws/install/panda_movet:/home/leyla/Desktop/newvis_ws/install/panda_assist:/home/leyla/Desktop/newvis_ws/install/robot_description /usr/bin/cmake --install /home/leyla/Desktop/Presentar/navegation_ws/build/robot_description
[0.073s] -- Install configuration: ""
[0.073s] -- Up-to-date: /home/leyla/Desktop/Presentar/navegation_ws/install/robot_description/share/robot_description/launch
[0.074s] -- Installing: /home/leyla/Desktop/Presentar/navegation_ws/install/robot_description/share/robot_description/launch/pc2_to_scan.launch.py
[0.074s] -- Up-to-date: /home/leyla/Desktop/Presentar/navegation_ws/install/robot_description/share/robot_description/launch/gazebo.launch.py
[0.074s] -- Up-to-date: /home/leyla/Desktop/Presentar/navegation_ws/install/robot_description/share/robot_description/urdf
[0.074s] -- Up-to-date: /home/leyla/Desktop/Presentar/navegation_ws/install/robot_description/share/robot_description/urdf/JPAC2.xacro
[0.074s] -- Up-to-date: /home/leyla/Desktop/Presentar/navegation_ws/install/robot_description/share/robot_description/urdf/JPAC2_REPUESTO.xacro
[0.074s] -- Up-to-date: /home/leyla/Desktop/Presentar/navegation_ws/install/robot_description/share/robot_description/rviz
[0.074s] -- Up-to-date: /home/leyla/Desktop/Presentar/navegation_ws/install/robot_description/share/robot_description/rviz/min.rviz
[0.074s] -- Up-to-date: /home/leyla/Desktop/Presentar/navegation_ws/install/robot_description/share/robot_description/rviz/urdf.rviz
[0.074s] -- Up-to-date: /home/leyla/Desktop/Presentar/navegation_ws/install/robot_description/share/robot_description/meshes
[0.074s] -- Up-to-date: /home/leyla/Desktop/Presentar/navegation_ws/install/robot_description/share/robot_description/meshes/visual
[0.074s] -- Up-to-date: /home/leyla/Desktop/Presentar/navegation_ws/install/robot_description/share/robot_description/meshes/visual/BaseGiratoria2_Link.STL
[0.074s] -- Up-to-date: /home/leyla/Desktop/Presentar/navegation_ws/install/robot_description/share/robot_description/meshes/visual/Ruedita2_Link.STL
[0.074s] -- Up-to-date: /home/leyla/Desktop/Presentar/navegation_ws/install/robot_description/share/robot_description/meshes/visual/RuedaIzquierda_Link.STL
[0.074s] -- Up-to-date: /home/leyla/Desktop/Presentar/navegation_ws/install/robot_description/share/robot_description/meshes/visual/BaseGiratoria1_Link.STL
[0.074s] -- Up-to-date: /home/leyla/Desktop/Presentar/navegation_ws/install/robot_description/share/robot_description/meshes/visual/RuedaDerecha_Link.STL
[0.074s] -- Up-to-date: /home/leyla/Desktop/Presentar/navegation_ws/install/robot_description/share/robot_description/meshes/visual/base_link.STL
[0.074s] -- Up-to-date: /home/leyla/Desktop/Presentar/navegation_ws/install/robot_description/share/robot_description/meshes/visual/Ruedita1_Link.STL
[0.074s] -- Up-to-date: /home/leyla/Desktop/Presentar/navegation_ws/install/robot_description/share/robot_description/meshes/collision
[0.075s] -- Up-to-date: /home/leyla/Desktop/Presentar/navegation_ws/install/robot_description/share/robot_description/meshes/collision/link3.obj
[0.075s] -- Up-to-date: /home/leyla/Desktop/Presentar/navegation_ws/install/robot_description/share/robot_description/meshes/collision/link1.obj
[0.075s] -- Up-to-date: /home/leyla/Desktop/Presentar/navegation_ws/install/robot_description/share/robot_description/meshes/collision/link7.obj
[0.075s] -- Up-to-date: /home/leyla/Desktop/Presentar/navegation_ws/install/robot_description/share/robot_description/meshes/collision/hand.obj
[0.075s] -- Up-to-date: /home/leyla/Desktop/Presentar/navegation_ws/install/robot_description/share/robot_description/meshes/collision/link0.obj
[0.075s] -- Up-to-date: /home/leyla/Desktop/Presentar/navegation_ws/install/robot_description/share/robot_description/meshes/collision/finger.obj
[0.075s] -- Up-to-date: /home/leyla/Desktop/Presentar/navegation_ws/install/robot_description/share/robot_description/meshes/collision/link2.obj
[0.075s] -- Up-to-date: /home/leyla/Desktop/Presentar/navegation_ws/install/robot_description/share/robot_description/meshes/collision/link4.obj
[0.075s] -- Up-to-date: /home/leyla/Desktop/Presentar/navegation_ws/install/robot_description/share/robot_description/meshes/collision/link6.obj
[0.075s] -- Up-to-date: /home/leyla/Desktop/Presentar/navegation_ws/install/robot_description/share/robot_description/meshes/collision/link5.obj
[0.075s] -- Up-to-date: /home/leyla/Desktop/Presentar/navegation_ws/install/robot_description/share/robot_description/world
[0.075s] -- Up-to-date: /home/leyla/Desktop/Presentar/navegation_ws/install/robot_description/share/robot_description/world/custom.sdf
[0.075s] -- Up-to-date: /home/leyla/Desktop/Presentar/navegation_ws/install/robot_description/share/robot_description/world/creado.sdf
[0.075s] -- Up-to-date: /home/leyla/Desktop/Presentar/navegation_ws/install/robot_description/share/robot_description/config
[0.075s] -- Up-to-date: /home/leyla/Desktop/Presentar/navegation_ws/install/robot_description/share/robot_description/config/nav2_params.yaml
[0.075s] -- Up-to-date: /home/leyla/Desktop/Presentar/navegation_ws/install/robot_description/share/robot_description/config/slam_toolbox.yaml
[0.075s] -- Up-to-date: /home/leyla/Desktop/Presentar/navegation_ws/install/robot_description/share/robot_description/urdf
[0.075s] -- Up-to-date: /home/leyla/Desktop/Presentar/navegation_ws/install/robot_description/share/robot_description/urdf/JPAC2.xacro
[0.075s] -- Up-to-date: /home/leyla/Desktop/Presentar/navegation_ws/install/robot_description/share/robot_description/urdf/JPAC2_REPUESTO.xacro
[0.075s] -- Up-to-date: /home/leyla/Desktop/Presentar/navegation_ws/install/robot_description/share/robot_description/meshes
[0.075s] -- Up-to-date: /home/leyla/Desktop/Presentar/navegation_ws/install/robot_description/share/robot_description/meshes/visual
[0.075s] -- Up-to-date: /home/leyla/Desktop/Presentar/navegation_ws/install/robot_description/share/robot_description/meshes/visual/BaseGiratoria2_Link.STL
[0.075s] -- Up-to-date: /home/leyla/Desktop/Presentar/navegation_ws/install/robot_description/share/robot_description/meshes/visual/Ruedita2_Link.STL
[0.075s] -- Up-to-date: /home/leyla/Desktop/Presentar/navegation_ws/install/robot_description/share/robot_description/meshes/visual/RuedaIzquierda_Link.STL
[0.075s] -- Up-to-date: /home/leyla/Desktop/Presentar/navegation_ws/install/robot_description/share/robot_description/meshes/visual/BaseGiratoria1_Link.STL
[0.075s] -- Up-to-date: /home/leyla/Desktop/Presentar/navegation_ws/install/robot_description/share/robot_description/meshes/visual/RuedaDerecha_Link.STL
[0.075s] -- Up-to-date: /home/leyla/Desktop/Presentar/navegation_ws/install/robot_description/share/robot_description/meshes/visual/base_link.STL
[0.075s] -- Up-to-date: /home/leyla/Desktop/Presentar/navegation_ws/install/robot_description/share/robot_description/meshes/visual/Ruedita1_Link.STL
[0.075s] -- Up-to-date: /home/leyla/Desktop/Presentar/navegation_ws/install/robot_description/share/robot_description/meshes/collision
[0.075s] -- Up-to-date: /home/leyla/Desktop/Presentar/navegation_ws/install/robot_description/share/robot_description/meshes/collision/link3.obj
[0.076s] -- Up-to-date: /home/leyla/Desktop/Presentar/navegation_ws/install/robot_description/share/robot_description/meshes/collision/link1.obj
[0.076s] -- Up-to-date: /home/leyla/Desktop/Presentar/navegation_ws/install/robot_description/share/robot_description/meshes/collision/link7.obj
[0.076s] -- Up-to-date: /home/leyla/Desktop/Presentar/navegation_ws/install/robot_description/share/robot_description/meshes/collision/hand.obj
[0.076s] -- Up-to-date: /home/leyla/Desktop/Presentar/navegation_ws/install/robot_description/share/robot_description/meshes/collision/link0.obj
[0.076s] -- Up-to-date: /home/leyla/Desktop/Presentar/navegation_ws/install/robot_description/share/robot_description/meshes/collision/finger.obj
[0.076s] -- Up-to-date: /home/leyla/Desktop/Presentar/navegation_ws/install/robot_description/share/robot_description/meshes/collision/link2.obj
[0.076s] -- Up-to-date: /home/leyla/Desktop/Presentar/navegation_ws/install/robot_description/share/robot_description/meshes/collision/link4.obj
[0.076s] -- Up-to-date: /home/leyla/Desktop/Presentar/navegation_ws/install/robot_description/share/robot_description/meshes/collision/link6.obj
[0.076s] -- Up-to-date: /home/leyla/Desktop/Presentar/navegation_ws/install/robot_description/share/robot_description/meshes/collision/link5.obj
[0.076s] -- Up-to-date: /home/leyla/Desktop/Presentar/navegation_ws/install/robot_description/share/robot_description/rviz
[0.076s] -- Up-to-date: /home/leyla/Desktop/Presentar/navegation_ws/install/robot_description/share/robot_description/rviz/min.rviz
[0.076s] -- Up-to-date: /home/leyla/Desktop/Presentar/navegation_ws/install/robot_description/share/robot_description/rviz/urdf.rviz
[0.076s] -- Up-to-date: /home/leyla/Desktop/Presentar/navegation_ws/install/robot_description/share/robot_description/world
[0.076s] -- Up-to-date: /home/leyla/Desktop/Presentar/navegation_ws/install/robot_description/share/robot_description/world/custom.sdf
[0.076s] -- Up-to-date: /home/leyla/Desktop/Presentar/navegation_ws/install/robot_description/share/robot_description/world/creado.sdf
[0.076s] -- Up-to-date: /home/leyla/Desktop/Presentar/navegation_ws/install/robot_description/share/robot_description/meshes
[0.076s] -- Up-to-date: /home/leyla/Desktop/Presentar/navegation_ws/install/robot_description/share/robot_description/meshes/visual
[0.077s] -- Up-to-date: /home/leyla/Desktop/Presentar/navegation_ws/install/robot_description/share/robot_description/meshes/visual/BaseGiratoria2_Link.STL
[0.077s] -- Up-to-date: /home/leyla/Desktop/Presentar/navegation_ws/install/robot_description/share/robot_description/meshes/visual/Ruedita2_Link.STL
[0.077s] -- Up-to-date: /home/leyla/Desktop/Presentar/navegation_ws/install/robot_description/share/robot_description/meshes/visual/RuedaIzquierda_Link.STL
[0.077s] -- Up-to-date: /home/leyla/Desktop/Presentar/navegation_ws/install/robot_description/share/robot_description/meshes/visual/BaseGiratoria1_Link.STL
[0.077s] -- Up-to-date: /home/leyla/Desktop/Presentar/navegation_ws/install/robot_description/share/robot_description/meshes/visual/RuedaDerecha_Link.STL
[0.077s] -- Up-to-date: /home/leyla/Desktop/Presentar/navegation_ws/install/robot_description/share/robot_description/meshes/visual/base_link.STL
[0.077s] -- Up-to-date: /home/leyla/Desktop/Presentar/navegation_ws/install/robot_description/share/robot_description/meshes/visual/Ruedita1_Link.STL
[0.077s] -- Up-to-date: /home/leyla/Desktop/Presentar/navegation_ws/install/robot_description/share/robot_description/meshes/collision
[0.077s] -- Up-to-date: /home/leyla/Desktop/Presentar/navegation_ws/install/robot_description/share/robot_description/meshes/collision/link3.obj
[0.077s] -- Up-to-date: /home/leyla/Desktop/Presentar/navegation_ws/install/robot_description/share/robot_description/meshes/collision/link1.obj
[0.077s] -- Up-to-date: /home/leyla/Desktop/Presentar/navegation_ws/install/robot_description/share/robot_description/meshes/collision/link7.obj
[0.077s] -- Up-to-date: /home/leyla/Desktop/Presentar/navegation_ws/install/robot_description/share/robot_description/meshes/collision/hand.obj
[0.077s] -- Up-to-date: /home/leyla/Desktop/Presentar/navegation_ws/install/robot_description/share/robot_description/meshes/collision/link0.obj
[0.077s] -- Up-to-date: /home/leyla/Desktop/Presentar/navegation_ws/install/robot_description/share/robot_description/meshes/collision/finger.obj
[0.077s] -- Up-to-date: /home/leyla/Desktop/Presentar/navegation_ws/install/robot_description/share/robot_description/meshes/collision/link2.obj
[0.077s] -- Up-to-date: /home/leyla/Desktop/Presentar/navegation_ws/install/robot_description/share/robot_description/meshes/collision/link4.obj
[0.077s] -- Up-to-date: /home/leyla/Desktop/Presentar/navegation_ws/install/robot_description/share/robot_description/meshes/collision/link6.obj
[0.077s] -- Up-to-date: /home/leyla/Desktop/Presentar/navegation_ws/install/robot_description/share/robot_description/meshes/collision/link5.obj
[0.077s] -- Up-to-date: /home/leyla/Desktop/Presentar/navegation_ws/install/robot_description/lib/robot_description/robot_height_scan.py
[0.077s] -- Up-to-date: /home/leyla/Desktop/Presentar/navegation_ws/install/robot_description/share/ament_index/resource_index/package_run_dependencies/robot_description
[0.077s] -- Up-to-date: /home/leyla/Desktop/Presentar/navegation_ws/install/robot_description/share/ament_index/resource_index/parent_prefix_path/robot_description
[0.077s] -- Up-to-date: /home/leyla/Desktop/Presentar/navegation_ws/install/robot_description/share/robot_description/environment/ament_prefix_path.sh
[0.077s] -- Up-to-date: /home/leyla/Desktop/Presentar/navegation_ws/install/robot_description/share/robot_description/environment/ament_prefix_path.dsv
[0.077s] -- Up-to-date: /home/leyla/Desktop/Presentar/navegation_ws/install/robot_description/share/robot_description/environment/path.sh
[0.077s] -- Up-to-date: /home/leyla/Desktop/Presentar/navegation_ws/install/robot_description/share/robot_description/environment/path.dsv
[0.078s] -- Up-to-date: /home/leyla/Desktop/Presentar/navegation_ws/install/robot_description/share/robot_description/local_setup.bash
[0.078s] -- Up-to-date: /home/leyla/Desktop/Presentar/navegation_ws/install/robot_description/share/robot_description/local_setup.sh
[0.078s] -- Up-to-date: /home/leyla/Desktop/Presentar/navegation_ws/install/robot_description/share/robot_description/local_setup.zsh
[0.078s] -- Up-to-date: /home/leyla/Desktop/Presentar/navegation_ws/install/robot_description/share/robot_description/local_setup.dsv
[0.078s] -- Installing: /home/leyla/Desktop/Presentar/navegation_ws/install/robot_description/share/robot_description/package.dsv
[0.078s] -- Up-to-date: /home/leyla/Desktop/Presentar/navegation_ws/install/robot_description/share/ament_index/resource_index/packages/robot_description
[0.078s] -- Up-to-date: /home/leyla/Desktop/Presentar/navegation_ws/install/robot_description/share/robot_description/cmake/robot_descriptionConfig.cmake
[0.078s] -- Up-to-date: /home/leyla/Desktop/Presentar/navegation_ws/install/robot_description/share/robot_description/cmake/robot_descriptionConfig-version.cmake
[0.078s] -- Up-to-date: /home/leyla/Desktop/Presentar/navegation_ws/install/robot_description/share/robot_description/package.xml
[0.096s] Invoked command in '/home/leyla/Desktop/Presentar/navegation_ws/build/robot_description' returned '0': CMAKE_PREFIX_PATH=/home/leyla/Desktop/Presentar/navegation_ws/install/turtlebot3_navigation2:/home/leyla/Desktop/Presentar/navegation_ws/install/turtlebot3_cartographer:/home/leyla/Desktop/Presentar/navegation_ws/install/robot_description:/home/leyla/Desktop/turtlebot3_ws/install/turtlebot3:/home/leyla/Desktop/turtlebot3_ws/install/turtlebot3_bringup:/home/leyla/Desktop/turtlebot3_ws/install/turtlebot3_node:/home/leyla/Desktop/turtlebot3_ws/install/turtlebot3_navigation2:/home/leyla/Desktop/turtlebot3_ws/install/turtlebot3_gazebo:/home/leyla/Desktop/turtlebot3_ws/install/turtlebot3_description:/home/leyla/Desktop/turtlebot3_ws/install/turtlebot3_cartographer:/home/leyla/Desktop/nexus_ws/install/turtlebot3_navigation2:/home/leyla/Desktop/nexus_ws/install/turtlebot3_cartographer:/home/leyla/Desktop/nexus_ws/install/rosbridge_test_msgs:/home/leyla/Desktop/nexus_ws/install/rosbridge_suite:/home/leyla/Desktop/nexus_ws/install/rosbridge_server:/home/leyla/Desktop/nexus_ws/install/rosbridge_msgs:/home/leyla/Desktop/nexus_ws/install/rosapi:/home/leyla/Desktop/nexus_ws/install/rosbridge_library:/home/leyla/Desktop/nexus_ws/install/rosapi_msgs:/home/leyla/Desktop/nexus_ws/install/linorobot2_navigation:/home/leyla/Desktop/nexus_ws/install/gazebo_ros_pkgs:/home/leyla/Desktop/nexus_ws/install/gazebo_ros:/home/leyla/Desktop/nexus_ws/install/gazebo_msgs:/home/leyla/Desktop/nexus_ws/install/gazebo_dev:/home/leyla/Desktop/linorobot2_ws/install/linorobot2_viz:/home/leyla/Desktop/linorobot2_ws/install/linorobot2_navigation:/home/leyla/Desktop/linorobot2_ws/install/linorobot2_gazebo:/home/leyla/Desktop/linorobot2_ws/install/linorobot2_description:/home/leyla/Desktop/linorobot2_ws/install/linorobot2_bringup:/home/leyla/Desktop/linorobot2_ws/install/linorobot2_base:/home/leyla/Desktop/linorobot2_ws/install/linorobot2:/home/leyla/Desktop/robot_con_ws/install/robot_description:/home/leyla/Desktop/turtlebot3_ws/install/turtlebot3_teleop:/home/leyla/Desktop/turtlebot3_ws/install/turtlebot3_example:/home/leyla/Desktop/nexus_ws/install/manual:/home/leyla/Desktop/nexus_ws/install/code_py:/home/leyla/Desktop/nexus_ws/install/ucb_interface:/home/leyla/Desktop/nexus_ws/install/robot_description:/home/leyla/Desktop/robot_con_ws/install/control_py:/home/leyla/Desktop/ver_ws/install/stage_ros2:/home/leyla/Desktop/ver_ws/install/robot_nav:/home/leyla/Desktop/ver_ws/install/navigation_tb3:/home/leyla/Desktop/ver_ws/install/cartographer_rviz:/home/leyla/Desktop/ver_ws/install/cartographer_ros:/home/leyla/Desktop/ver_ws/install/cartographer_ros_msgs:/home/leyla/Desktop/newvis_ws/install/panda_movet:/opt/ros/humble:/home/leyla/Desktop/robot_con_ws/install/ensamblaje_jpac2:/home/leyla/Desktop/ver_ws/install/Stage:/home/leyla/Documents/ejercicio2_ws/install/test_move:/home/leyla/Documents/ejercicio2_ws/install/panda_movet:/home/leyla/Desktop/newvis_ws/install/panda_assist:/home/leyla/Desktop/newvis_ws/install/robot_description /usr/bin/cmake --install /home/leyla/Desktop/Presentar/navegation_ws/build/robot_description
