[0.026s] Invoking command in '/home/leyla/Desktop/Presentar/navegation_ws/build/robot_description': CMAKE_PREFIX_PATH=/home/leyla/Desktop/turtlebot3_ws/install/turtlebot3:/home/leyla/Desktop/turtlebot3_ws/install/turtlebot3_bringup:/home/leyla/Desktop/turtlebot3_ws/install/turtlebot3_node:/home/leyla/Desktop/turtlebot3_ws/install/turtlebot3_navigation2:/home/leyla/Desktop/turtlebot3_ws/install/turtlebot3_gazebo:/home/leyla/Desktop/turtlebot3_ws/install/turtlebot3_description:/home/leyla/Desktop/turtlebot3_ws/install/turtlebot3_cartographer:/home/leyla/Desktop/nexus_ws/install/turtlebot3_navigation2:/home/leyla/Desktop/nexus_ws/install/turtlebot3_cartographer:/home/leyla/Desktop/nexus_ws/install/rosbridge_test_msgs:/home/leyla/Desktop/nexus_ws/install/rosbridge_suite:/home/leyla/Desktop/nexus_ws/install/rosbridge_server:/home/leyla/Desktop/nexus_ws/install/rosbridge_msgs:/home/leyla/Desktop/nexus_ws/install/rosapi:/home/leyla/Desktop/nexus_ws/install/rosbridge_library:/home/leyla/Desktop/nexus_ws/install/rosapi_msgs:/home/leyla/Desktop/nexus_ws/install/linorobot2_navigation:/home/leyla/Desktop/nexus_ws/install/gazebo_ros_pkgs:/home/leyla/Desktop/nexus_ws/install/gazebo_ros:/home/leyla/Desktop/nexus_ws/install/gazebo_msgs:/home/leyla/Desktop/nexus_ws/install/gazebo_dev:/home/leyla/Desktop/linorobot2_ws/install/linorobot2_viz:/home/leyla/Desktop/linorobot2_ws/install/linorobot2_navigation:/home/leyla/Desktop/linorobot2_ws/install/linorobot2_gazebo:/home/leyla/Desktop/linorobot2_ws/install/linorobot2_description:/home/leyla/Desktop/linorobot2_ws/install/linorobot2_bringup:/home/leyla/Desktop/linorobot2_ws/install/linorobot2_base:/home/leyla/Desktop/linorobot2_ws/install/linorobot2:/home/leyla/Desktop/robot_con_ws/install/robot_description:/home/leyla/Desktop/turtlebot3_ws/install/turtlebot3_teleop:/home/leyla/Desktop/turtlebot3_ws/install/turtlebot3_example:/home/leyla/Desktop/nexus_ws/install/manual:/home/leyla/Desktop/nexus_ws/install/code_py:/home/leyla/Desktop/nexus_ws/install/ucb_interface:/home/leyla/Desktop/nexus_ws/install/robot_description:/home/leyla/Desktop/robot_con_ws/install/control_py:/home/leyla/Desktop/ver_ws/install/stage_ros2:/home/leyla/Desktop/ver_ws/install/robot_nav:/home/leyla/Desktop/ver_ws/install/navigation_tb3:/home/leyla/Desktop/ver_ws/install/cartographer_rviz:/home/leyla/Desktop/ver_ws/install/cartographer_ros:/home/leyla/Desktop/ver_ws/install/cartographer_ros_msgs:/home/leyla/Desktop/newvis_ws/install/panda_movet:/opt/ros/humble:/home/leyla/Desktop/robot_con_ws/install/ensamblaje_jpac2:/home/leyla/Desktop/ver_ws/install/Stage:/home/leyla/Documents/ejercicio2_ws/install/test_move:/home/leyla/Documents/ejercicio2_ws/install/panda_movet:/home/leyla/Desktop/newvis_ws/install/panda_assist:/home/leyla/Desktop/newvis_ws/install/robot_description /usr/bin/cmake /home/leyla/Desktop/Presentar/navegation_ws/src/robot_description -DCMAKE_INSTALL_PREFIX=/home/leyla/Desktop/Presentar/navegation_ws/install/robot_description
[0.072s] -- The C compiler identification is GNU 11.4.0
[0.117s] -- The CXX compiler identification is GNU 11.4.0
[0.124s] -- Detecting C compiler ABI info
[0.186s] -- Detecting C compiler ABI info - done
[0.192s] -- Check for working C compiler: /usr/bin/cc - skipped
[0.192s] -- Detecting C compile features
[0.192s] -- Detecting C compile features - done
[0.195s] -- Detecting CXX compiler ABI info
[0.261s] -- Detecting CXX compiler ABI info - done
[0.267s] -- Check for working CXX compiler: /usr/bin/c++ - skipped
[0.267s] -- Detecting CXX compile features
[0.267s] -- Detecting CXX compile features - done
[0.272s] -- Found ament_cmake: 1.3.12 (/opt/ros/humble/share/ament_cmake/cmake)
[0.417s] -- Found Python3: /usr/bin/python3 (found version "3.10.12") found components: Interpreter 
[0.581s] -- Configuring done
[0.582s] -- Generating done
[0.583s] -- Build files have been written to: /home/leyla/Desktop/Presentar/navegation_ws/build/robot_description
[0.589s] Invoked command in '/home/leyla/Desktop/Presentar/navegation_ws/build/robot_description' returned '0': CMAKE_PREFIX_PATH=/home/leyla/Desktop/turtlebot3_ws/install/turtlebot3:/home/leyla/Desktop/turtlebot3_ws/install/turtlebot3_bringup:/home/leyla/Desktop/turtlebot3_ws/install/turtlebot3_node:/home/leyla/Desktop/turtlebot3_ws/install/turtlebot3_navigation2:/home/leyla/Desktop/turtlebot3_ws/install/turtlebot3_gazebo:/home/leyla/Desktop/turtlebot3_ws/install/turtlebot3_description:/home/leyla/Desktop/turtlebot3_ws/install/turtlebot3_cartographer:/home/leyla/Desktop/nexus_ws/install/turtlebot3_navigation2:/home/leyla/Desktop/nexus_ws/install/turtlebot3_cartographer:/home/leyla/Desktop/nexus_ws/install/rosbridge_test_msgs:/home/leyla/Desktop/nexus_ws/install/rosbridge_suite:/home/leyla/Desktop/nexus_ws/install/rosbridge_server:/home/leyla/Desktop/nexus_ws/install/rosbridge_msgs:/home/leyla/Desktop/nexus_ws/install/rosapi:/home/leyla/Desktop/nexus_ws/install/rosbridge_library:/home/leyla/Desktop/nexus_ws/install/rosapi_msgs:/home/leyla/Desktop/nexus_ws/install/linorobot2_navigation:/home/leyla/Desktop/nexus_ws/install/gazebo_ros_pkgs:/home/leyla/Desktop/nexus_ws/install/gazebo_ros:/home/leyla/Desktop/nexus_ws/install/gazebo_msgs:/home/leyla/Desktop/nexus_ws/install/gazebo_dev:/home/leyla/Desktop/linorobot2_ws/install/linorobot2_viz:/home/leyla/Desktop/linorobot2_ws/install/linorobot2_navigation:/home/leyla/Desktop/linorobot2_ws/install/linorobot2_gazebo:/home/leyla/Desktop/linorobot2_ws/install/linorobot2_description:/home/leyla/Desktop/linorobot2_ws/install/linorobot2_bringup:/home/leyla/Desktop/linorobot2_ws/install/linorobot2_base:/home/leyla/Desktop/linorobot2_ws/install/linorobot2:/home/leyla/Desktop/robot_con_ws/install/robot_description:/home/leyla/Desktop/turtlebot3_ws/install/turtlebot3_teleop:/home/leyla/Desktop/turtlebot3_ws/install/turtlebot3_example:/home/leyla/Desktop/nexus_ws/install/manual:/home/leyla/Desktop/nexus_ws/install/code_py:/home/leyla/Desktop/nexus_ws/install/ucb_interface:/home/leyla/Desktop/nexus_ws/install/robot_description:/home/leyla/Desktop/robot_con_ws/install/control_py:/home/leyla/Desktop/ver_ws/install/stage_ros2:/home/leyla/Desktop/ver_ws/install/robot_nav:/home/leyla/Desktop/ver_ws/install/navigation_tb3:/home/leyla/Desktop/ver_ws/install/cartographer_rviz:/home/leyla/Desktop/ver_ws/install/cartographer_ros:/home/leyla/Desktop/ver_ws/install/cartographer_ros_msgs:/home/leyla/Desktop/newvis_ws/install/panda_movet:/opt/ros/humble:/home/leyla/Desktop/robot_con_ws/install/ensamblaje_jpac2:/home/leyla/Desktop/ver_ws/install/Stage:/home/leyla/Documents/ejercicio2_ws/install/test_move:/home/leyla/Documents/ejercicio2_ws/install/panda_movet:/home/leyla/Desktop/newvis_ws/install/panda_assist:/home/leyla/Desktop/newvis_ws/install/robot_description /usr/bin/cmake /home/leyla/Desktop/Presentar/navegation_ws/src/robot_description -DCMAKE_INSTALL_PREFIX=/home/leyla/Desktop/Presentar/navegation_ws/install/robot_description
[0.590s] Invoking command in '/home/leyla/Desktop/Presentar/navegation_ws/build/robot_description': CMAKE_PREFIX_PATH=/home/leyla/Desktop/turtlebot3_ws/install/turtlebot3:/home/leyla/Desktop/turtlebot3_ws/install/turtlebot3_bringup:/home/leyla/Desktop/turtlebot3_ws/install/turtlebot3_node:/home/leyla/Desktop/turtlebot3_ws/install/turtlebot3_navigation2:/home/leyla/Desktop/turtlebot3_ws/install/turtlebot3_gazebo:/home/leyla/Desktop/turtlebot3_ws/install/turtlebot3_description:/home/leyla/Desktop/turtlebot3_ws/install/turtlebot3_cartographer:/home/leyla/Desktop/nexus_ws/install/turtlebot3_navigation2:/home/leyla/Desktop/nexus_ws/install/turtlebot3_cartographer:/home/leyla/Desktop/nexus_ws/install/rosbridge_test_msgs:/home/leyla/Desktop/nexus_ws/install/rosbridge_suite:/home/leyla/Desktop/nexus_ws/install/rosbridge_server:/home/leyla/Desktop/nexus_ws/install/rosbridge_msgs:/home/leyla/Desktop/nexus_ws/install/rosapi:/home/leyla/Desktop/nexus_ws/install/rosbridge_library:/home/leyla/Desktop/nexus_ws/install/rosapi_msgs:/home/leyla/Desktop/nexus_ws/install/linorobot2_navigation:/home/leyla/Desktop/nexus_ws/install/gazebo_ros_pkgs:/home/leyla/Desktop/nexus_ws/install/gazebo_ros:/home/leyla/Desktop/nexus_ws/install/gazebo_msgs:/home/leyla/Desktop/nexus_ws/install/gazebo_dev:/home/leyla/Desktop/linorobot2_ws/install/linorobot2_viz:/home/leyla/Desktop/linorobot2_ws/install/linorobot2_navigation:/home/leyla/Desktop/linorobot2_ws/install/linorobot2_gazebo:/home/leyla/Desktop/linorobot2_ws/install/linorobot2_description:/home/leyla/Desktop/linorobot2_ws/install/linorobot2_bringup:/home/leyla/Desktop/linorobot2_ws/install/linorobot2_base:/home/leyla/Desktop/linorobot2_ws/install/linorobot2:/home/leyla/Desktop/robot_con_ws/install/robot_description:/home/leyla/Desktop/turtlebot3_ws/install/turtlebot3_teleop:/home/leyla/Desktop/turtlebot3_ws/install/turtlebot3_example:/home/leyla/Desktop/nexus_ws/install/manual:/home/leyla/Desktop/nexus_ws/install/code_py:/home/leyla/Desktop/nexus_ws/install/ucb_interface:/home/leyla/Desktop/nexus_ws/install/robot_description:/home/leyla/Desktop/robot_con_ws/install/control_py:/home/leyla/Desktop/ver_ws/install/stage_ros2:/home/leyla/Desktop/ver_ws/install/robot_nav:/home/leyla/Desktop/ver_ws/install/navigation_tb3:/home/leyla/Desktop/ver_ws/install/cartographer_rviz:/home/leyla/Desktop/ver_ws/install/cartographer_ros:/home/leyla/Desktop/ver_ws/install/cartographer_ros_msgs:/home/leyla/Desktop/newvis_ws/install/panda_movet:/opt/ros/humble:/home/leyla/Desktop/robot_con_ws/install/ensamblaje_jpac2:/home/leyla/Desktop/ver_ws/install/Stage:/home/leyla/Documents/ejercicio2_ws/install/test_move:/home/leyla/Documents/ejercicio2_ws/install/panda_movet:/home/leyla/Desktop/newvis_ws/install/panda_assist:/home/leyla/Desktop/newvis_ws/install/robot_description /usr/bin/cmake --build /home/leyla/Desktop/Presentar/navegation_ws/build/robot_description -- -j20 -l20
[0.634s] Invoked command in '/home/leyla/Desktop/Presentar/navegation_ws/build/robot_description' returned '0': CMAKE_PREFIX_PATH=/home/leyla/Desktop/turtlebot3_ws/install/turtlebot3:/home/leyla/Desktop/turtlebot3_ws/install/turtlebot3_bringup:/home/leyla/Desktop/turtlebot3_ws/install/turtlebot3_node:/home/leyla/Desktop/turtlebot3_ws/install/turtlebot3_navigation2:/home/leyla/Desktop/turtlebot3_ws/install/turtlebot3_gazebo:/home/leyla/Desktop/turtlebot3_ws/install/turtlebot3_description:/home/leyla/Desktop/turtlebot3_ws/install/turtlebot3_cartographer:/home/leyla/Desktop/nexus_ws/install/turtlebot3_navigation2:/home/leyla/Desktop/nexus_ws/install/turtlebot3_cartographer:/home/leyla/Desktop/nexus_ws/install/rosbridge_test_msgs:/home/leyla/Desktop/nexus_ws/install/rosbridge_suite:/home/leyla/Desktop/nexus_ws/install/rosbridge_server:/home/leyla/Desktop/nexus_ws/install/rosbridge_msgs:/home/leyla/Desktop/nexus_ws/install/rosapi:/home/leyla/Desktop/nexus_ws/install/rosbridge_library:/home/leyla/Desktop/nexus_ws/install/rosapi_msgs:/home/leyla/Desktop/nexus_ws/install/linorobot2_navigation:/home/leyla/Desktop/nexus_ws/install/gazebo_ros_pkgs:/home/leyla/Desktop/nexus_ws/install/gazebo_ros:/home/leyla/Desktop/nexus_ws/install/gazebo_msgs:/home/leyla/Desktop/nexus_ws/install/gazebo_dev:/home/leyla/Desktop/linorobot2_ws/install/linorobot2_viz:/home/leyla/Desktop/linorobot2_ws/install/linorobot2_navigation:/home/leyla/Desktop/linorobot2_ws/install/linorobot2_gazebo:/home/leyla/Desktop/linorobot2_ws/install/linorobot2_description:/home/leyla/Desktop/linorobot2_ws/install/linorobot2_bringup:/home/leyla/Desktop/linorobot2_ws/install/linorobot2_base:/home/leyla/Desktop/linorobot2_ws/install/linorobot2:/home/leyla/Desktop/robot_con_ws/install/robot_description:/home/leyla/Desktop/turtlebot3_ws/install/turtlebot3_teleop:/home/leyla/Desktop/turtlebot3_ws/install/turtlebot3_example:/home/leyla/Desktop/nexus_ws/install/manual:/home/leyla/Desktop/nexus_ws/install/code_py:/home/leyla/Desktop/nexus_ws/install/ucb_interface:/home/leyla/Desktop/nexus_ws/install/robot_description:/home/leyla/Desktop/robot_con_ws/install/control_py:/home/leyla/Desktop/ver_ws/install/stage_ros2:/home/leyla/Desktop/ver_ws/install/robot_nav:/home/leyla/Desktop/ver_ws/install/navigation_tb3:/home/leyla/Desktop/ver_ws/install/cartographer_rviz:/home/leyla/Desktop/ver_ws/install/cartographer_ros:/home/leyla/Desktop/ver_ws/install/cartographer_ros_msgs:/home/leyla/Desktop/newvis_ws/install/panda_movet:/opt/ros/humble:/home/leyla/Desktop/robot_con_ws/install/ensamblaje_jpac2:/home/leyla/Desktop/ver_ws/install/Stage:/home/leyla/Documents/ejercicio2_ws/install/test_move:/home/leyla/Documents/ejercicio2_ws/install/panda_movet:/home/leyla/Desktop/newvis_ws/install/panda_assist:/home/leyla/Desktop/newvis_ws/install/robot_description /usr/bin/cmake --build /home/leyla/Desktop/Presentar/navegation_ws/build/robot_description -- -j20 -l20
[0.635s] Invoking command in '/home/leyla/Desktop/Presentar/navegation_ws/build/robot_description': CMAKE_PREFIX_PATH=/home/leyla/Desktop/turtlebot3_ws/install/turtlebot3:/home/leyla/Desktop/turtlebot3_ws/install/turtlebot3_bringup:/home/leyla/Desktop/turtlebot3_ws/install/turtlebot3_node:/home/leyla/Desktop/turtlebot3_ws/install/turtlebot3_navigation2:/home/leyla/Desktop/turtlebot3_ws/install/turtlebot3_gazebo:/home/leyla/Desktop/turtlebot3_ws/install/turtlebot3_description:/home/leyla/Desktop/turtlebot3_ws/install/turtlebot3_cartographer:/home/leyla/Desktop/nexus_ws/install/turtlebot3_navigation2:/home/leyla/Desktop/nexus_ws/install/turtlebot3_cartographer:/home/leyla/Desktop/nexus_ws/install/rosbridge_test_msgs:/home/leyla/Desktop/nexus_ws/install/rosbridge_suite:/home/leyla/Desktop/nexus_ws/install/rosbridge_server:/home/leyla/Desktop/nexus_ws/install/rosbridge_msgs:/home/leyla/Desktop/nexus_ws/install/rosapi:/home/leyla/Desktop/nexus_ws/install/rosbridge_library:/home/leyla/Desktop/nexus_ws/install/rosapi_msgs:/home/leyla/Desktop/nexus_ws/install/linorobot2_navigation:/home/leyla/Desktop/nexus_ws/install/gazebo_ros_pkgs:/home/leyla/Desktop/nexus_ws/install/gazebo_ros:/home/leyla/Desktop/nexus_ws/install/gazebo_msgs:/home/leyla/Desktop/nexus_ws/install/gazebo_dev:/home/leyla/Desktop/linorobot2_ws/install/linorobot2_viz:/home/leyla/Desktop/linorobot2_ws/install/linorobot2_navigation:/home/leyla/Desktop/linorobot2_ws/install/linorobot2_gazebo:/home/leyla/Desktop/linorobot2_ws/install/linorobot2_description:/home/leyla/Desktop/linorobot2_ws/install/linorobot2_bringup:/home/leyla/Desktop/linorobot2_ws/install/linorobot2_base:/home/leyla/Desktop/linorobot2_ws/install/linorobot2:/home/leyla/Desktop/robot_con_ws/install/robot_description:/home/leyla/Desktop/turtlebot3_ws/install/turtlebot3_teleop:/home/leyla/Desktop/turtlebot3_ws/install/turtlebot3_example:/home/leyla/Desktop/nexus_ws/install/manual:/home/leyla/Desktop/nexus_ws/install/code_py:/home/leyla/Desktop/nexus_ws/install/ucb_interface:/home/leyla/Desktop/nexus_ws/install/robot_description:/home/leyla/Desktop/robot_con_ws/install/control_py:/home/leyla/Desktop/ver_ws/install/stage_ros2:/home/leyla/Desktop/ver_ws/install/robot_nav:/home/leyla/Desktop/ver_ws/install/navigation_tb3:/home/leyla/Desktop/ver_ws/install/cartographer_rviz:/home/leyla/Desktop/ver_ws/install/cartographer_ros:/home/leyla/Desktop/ver_ws/install/cartographer_ros_msgs:/home/leyla/Desktop/newvis_ws/install/panda_movet:/opt/ros/humble:/home/leyla/Desktop/robot_con_ws/install/ensamblaje_jpac2:/home/leyla/Desktop/ver_ws/install/Stage:/home/leyla/Documents/ejercicio2_ws/install/test_move:/home/leyla/Documents/ejercicio2_ws/install/panda_movet:/home/leyla/Desktop/newvis_ws/install/panda_assist:/home/leyla/Desktop/newvis_ws/install/robot_description /usr/bin/cmake --install /home/leyla/Desktop/Presentar/navegation_ws/build/robot_description
[0.641s] -- Install configuration: ""
[0.641s] -- Installing: /home/leyla/Desktop/Presentar/navegation_ws/install/robot_description/share/robot_description/launch
[0.641s] -- Installing: /home/leyla/Desktop/Presentar/navegation_ws/install/robot_description/share/robot_description/launch/pc2_to_scan.launch.py
[0.641s] -- Installing: /home/leyla/Desktop/Presentar/navegation_ws/install/robot_description/share/robot_description/launch/gazebo.launch.py
[0.641s] -- Installing: /home/leyla/Desktop/Presentar/navegation_ws/install/robot_description/share/robot_description/urdf
[0.641s] -- Installing: /home/leyla/Desktop/Presentar/navegation_ws/install/robot_description/share/robot_description/urdf/JPAC2.xacro
[0.641s] -- Installing: /home/leyla/Desktop/Presentar/navegation_ws/install/robot_description/share/robot_description/urdf/JPAC2_REPUESTO.xacro
[0.642s] -- Installing: /home/leyla/Desktop/Presentar/navegation_ws/install/robot_description/share/robot_description/rviz
[0.642s] -- Installing: /home/leyla/Desktop/Presentar/navegation_ws/install/robot_description/share/robot_description/rviz/min.rviz
[0.642s] -- Installing: /home/leyla/Desktop/Presentar/navegation_ws/install/robot_description/share/robot_description/rviz/urdf.rviz
[0.642s] -- Installing: /home/leyla/Desktop/Presentar/navegation_ws/install/robot_description/share/robot_description/meshes
[0.642s] -- Installing: /home/leyla/Desktop/Presentar/navegation_ws/install/robot_description/share/robot_description/meshes/visual
[0.642s] -- Installing: /home/leyla/Desktop/Presentar/navegation_ws/install/robot_description/share/robot_description/meshes/visual/BaseGiratoria2_Link.STL
[0.643s] -- Installing: /home/leyla/Desktop/Presentar/navegation_ws/install/robot_description/share/robot_description/meshes/visual/Ruedita2_Link.STL
[0.643s] -- Installing: /home/leyla/Desktop/Presentar/navegation_ws/install/robot_description/share/robot_description/meshes/visual/RuedaIzquierda_Link.STL
[0.643s] -- Installing: /home/leyla/Desktop/Presentar/navegation_ws/install/robot_description/share/robot_description/meshes/visual/BaseGiratoria1_Link.STL
[0.643s] -- Installing: /home/leyla/Desktop/Presentar/navegation_ws/install/robot_description/share/robot_description/meshes/visual/RuedaDerecha_Link.STL
[0.643s] -- Installing: /home/leyla/Desktop/Presentar/navegation_ws/install/robot_description/share/robot_description/meshes/visual/base_link.STL
[0.643s] -- Installing: /home/leyla/Desktop/Presentar/navegation_ws/install/robot_description/share/robot_description/meshes/visual/Ruedita1_Link.STL
[0.643s] -- Installing: /home/leyla/Desktop/Presentar/navegation_ws/install/robot_description/share/robot_description/meshes/collision
[0.643s] -- Installing: /home/leyla/Desktop/Presentar/navegation_ws/install/robot_description/share/robot_description/meshes/collision/link3.obj
[0.643s] -- Installing: /home/leyla/Desktop/Presentar/navegation_ws/install/robot_description/share/robot_description/meshes/collision/link1.obj
[0.643s] -- Installing: /home/leyla/Desktop/Presentar/navegation_ws/install/robot_description/share/robot_description/meshes/collision/link7.obj
[0.643s] -- Installing: /home/leyla/Desktop/Presentar/navegation_ws/install/robot_description/share/robot_description/meshes/collision/hand.obj
[0.643s] -- Installing: /home/leyla/Desktop/Presentar/navegation_ws/install/robot_description/share/robot_description/meshes/collision/link0.obj
[0.644s] -- Installing: /home/leyla/Desktop/Presentar/navegation_ws/install/robot_description/share/robot_description/meshes/collision/finger.obj
[0.644s] -- Installing: /home/leyla/Desktop/Presentar/navegation_ws/install/robot_description/share/robot_description/meshes/collision/link2.obj
[0.644s] -- Installing: /home/leyla/Desktop/Presentar/navegation_ws/install/robot_description/share/robot_description/meshes/collision/link4.obj
[0.644s] -- Installing: /home/leyla/Desktop/Presentar/navegation_ws/install/robot_description/share/robot_description/meshes/collision/link6.obj
[0.647s] -- Installing: /home/leyla/Desktop/Presentar/navegation_ws/install/robot_description/share/robot_description/meshes/collision/link5.obj
[0.647s] -- Installing: /home/leyla/Desktop/Presentar/navegation_ws/install/robot_description/share/robot_description/world
[0.647s] -- Installing: /home/leyla/Desktop/Presentar/navegation_ws/install/robot_description/share/robot_description/world/custom.sdf
[0.647s] -- Installing: /home/leyla/Desktop/Presentar/navegation_ws/install/robot_description/share/robot_description/world/creado.sdf
[0.647s] -- Installing: /home/leyla/Desktop/Presentar/navegation_ws/install/robot_description/share/robot_description/config
[0.647s] -- Installing: /home/leyla/Desktop/Presentar/navegation_ws/install/robot_description/share/robot_description/config/nav2_params.yaml
[0.647s] -- Installing: /home/leyla/Desktop/Presentar/navegation_ws/install/robot_description/share/robot_description/config/slam_toolbox.yaml
[0.647s] -- Up-to-date: /home/leyla/Desktop/Presentar/navegation_ws/install/robot_description/share/robot_description/urdf
[0.647s] -- Up-to-date: /home/leyla/Desktop/Presentar/navegation_ws/install/robot_description/share/robot_description/urdf/JPAC2.xacro
[0.647s] -- Up-to-date: /home/leyla/Desktop/Presentar/navegation_ws/install/robot_description/share/robot_description/urdf/JPAC2_REPUESTO.xacro
[0.647s] [31mCMake Error at cmake_install.cmake:77 (file):
[0.647s]   file INSTALL cannot find
[0.647s]   "/home/leyla/Desktop/Presentar/navegation_ws/src/robot_description/scripts/lidar3d.py":
[0.647s]   No such file or directory.
[0.647s] 
[0.647s] [0m
[0.647s] -- Up-to-date: /home/leyla/Desktop/Presentar/navegation_ws/install/robot_description/share/robot_description/meshes
[0.648s] -- Up-to-date: /home/leyla/Desktop/Presentar/navegation_ws/install/robot_description/share/robot_description/meshes/visual
[0.648s] -- Up-to-date: /home/leyla/Desktop/Presentar/navegation_ws/install/robot_description/share/robot_description/meshes/visual/BaseGiratoria2_Link.STL
[0.648s] -- Up-to-date: /home/leyla/Desktop/Presentar/navegation_ws/install/robot_description/share/robot_description/meshes/visual/Ruedita2_Link.STL
[0.648s] -- Up-to-date: /home/leyla/Desktop/Presentar/navegation_ws/install/robot_description/share/robot_description/meshes/visual/RuedaIzquierda_Link.STL
[0.648s] -- Up-to-date: /home/leyla/Desktop/Presentar/navegation_ws/install/robot_description/share/robot_description/meshes/visual/BaseGiratoria1_Link.STL
[0.648s] -- Up-to-date: /home/leyla/Desktop/Presentar/navegation_ws/install/robot_description/share/robot_description/meshes/visual/RuedaDerecha_Link.STL
[0.648s] -- Up-to-date: /home/leyla/Desktop/Presentar/navegation_ws/install/robot_description/share/robot_description/meshes/visual/base_link.STL
[0.648s] -- Up-to-date: /home/leyla/Desktop/Presentar/navegation_ws/install/robot_description/share/robot_description/meshes/visual/Ruedita1_Link.STL
[0.648s] -- Up-to-date: /home/leyla/Desktop/Presentar/navegation_ws/install/robot_description/share/robot_description/meshes/collision
[0.648s] -- Up-to-date: /home/leyla/Desktop/Presentar/navegation_ws/install/robot_description/share/robot_description/meshes/collision/link3.obj
[0.648s] -- Up-to-date: /home/leyla/Desktop/Presentar/navegation_ws/install/robot_description/share/robot_description/meshes/collision/link1.obj
[0.648s] -- Up-to-date: /home/leyla/Desktop/Presentar/navegation_ws/install/robot_description/share/robot_description/meshes/collision/link7.obj
[0.648s] -- Up-to-date: /home/leyla/Desktop/Presentar/navegation_ws/install/robot_description/share/robot_description/meshes/collision/hand.obj
[0.648s] -- Up-to-date: /home/leyla/Desktop/Presentar/navegation_ws/install/robot_description/share/robot_description/meshes/collision/link0.obj
[0.648s] -- Up-to-date: /home/leyla/Desktop/Presentar/navegation_ws/install/robot_description/share/robot_description/meshes/collision/finger.obj
[0.648s] -- Up-to-date: /home/leyla/Desktop/Presentar/navegation_ws/install/robot_description/share/robot_description/meshes/collision/link2.obj
[0.648s] -- Up-to-date: /home/leyla/Desktop/Presentar/navegation_ws/install/robot_description/share/robot_description/meshes/collision/link4.obj
[0.648s] -- Up-to-date: /home/leyla/Desktop/Presentar/navegation_ws/install/robot_description/share/robot_description/meshes/collision/link6.obj
[0.648s] -- Up-to-date: /home/leyla/Desktop/Presentar/navegation_ws/install/robot_description/share/robot_description/meshes/collision/link5.obj
[0.648s] -- Up-to-date: /home/leyla/Desktop/Presentar/navegation_ws/install/robot_description/share/robot_description/rviz
[0.648s] -- Up-to-date: /home/leyla/Desktop/Presentar/navegation_ws/install/robot_description/share/robot_description/rviz/min.rviz
[0.649s] -- Up-to-date: /home/leyla/Desktop/Presentar/navegation_ws/install/robot_description/share/robot_description/rviz/urdf.rviz
[0.649s] -- Up-to-date: /home/leyla/Desktop/Presentar/navegation_ws/install/robot_description/share/robot_description/world
[0.649s] -- Up-to-date: /home/leyla/Desktop/Presentar/navegation_ws/install/robot_description/share/robot_description/world/custom.sdf
[0.649s] -- Up-to-date: /home/leyla/Desktop/Presentar/navegation_ws/install/robot_description/share/robot_description/world/creado.sdf
[0.649s] -- Up-to-date: /home/leyla/Desktop/Presentar/navegation_ws/install/robot_description/share/robot_description/meshes
[0.649s] -- Up-to-date: /home/leyla/Desktop/Presentar/navegation_ws/install/robot_description/share/robot_description/meshes/visual
[0.649s] -- Up-to-date: /home/leyla/Desktop/Presentar/navegation_ws/install/robot_description/share/robot_description/meshes/visual/BaseGiratoria2_Link.STL
[0.649s] -- Up-to-date: /home/leyla/Desktop/Presentar/navegation_ws/install/robot_description/share/robot_description/meshes/visual/Ruedita2_Link.STL
[0.649s] -- Up-to-date: /home/leyla/Desktop/Presentar/navegation_ws/install/robot_description/share/robot_description/meshes/visual/RuedaIzquierda_Link.STL
[0.649s] -- Up-to-date: /home/leyla/Desktop/Presentar/navegation_ws/install/robot_description/share/robot_description/meshes/visual/BaseGiratoria1_Link.STL
[0.649s] -- Up-to-date: /home/leyla/Desktop/Presentar/navegation_ws/install/robot_description/share/robot_description/meshes/visual/RuedaDerecha_Link.STL
[0.649s] -- Up-to-date: /home/leyla/Desktop/Presentar/navegation_ws/install/robot_description/share/robot_description/meshes/visual/base_link.STL
[0.649s] -- Up-to-date: /home/leyla/Desktop/Presentar/navegation_ws/install/robot_description/share/robot_description/meshes/visual/Ruedita1_Link.STL
[0.649s] -- Up-to-date: /home/leyla/Desktop/Presentar/navegation_ws/install/robot_description/share/robot_description/meshes/collision
[0.649s] -- Up-to-date: /home/leyla/Desktop/Presentar/navegation_ws/install/robot_description/share/robot_description/meshes/collision/link3.obj
[0.649s] -- Up-to-date: /home/leyla/Desktop/Presentar/navegation_ws/install/robot_description/share/robot_description/meshes/collision/link1.obj
[0.649s] -- Up-to-date: /home/leyla/Desktop/Presentar/navegation_ws/install/robot_description/share/robot_description/meshes/collision/link7.obj
[0.649s] -- Up-to-date: /home/leyla/Desktop/Presentar/navegation_ws/install/robot_description/share/robot_description/meshes/collision/hand.obj
[0.649s] -- Up-to-date: /home/leyla/Desktop/Presentar/navegation_ws/install/robot_description/share/robot_description/meshes/collision/link0.obj
[0.649s] -- Up-to-date: /home/leyla/Desktop/Presentar/navegation_ws/install/robot_description/share/robot_description/meshes/collision/finger.obj
[0.649s] -- Up-to-date: /home/leyla/Desktop/Presentar/navegation_ws/install/robot_description/share/robot_description/meshes/collision/link2.obj
[0.649s] -- Up-to-date: /home/leyla/Desktop/Presentar/navegation_ws/install/robot_description/share/robot_description/meshes/collision/link4.obj
[0.649s] -- Up-to-date: /home/leyla/Desktop/Presentar/navegation_ws/install/robot_description/share/robot_description/meshes/collision/link6.obj
[0.649s] -- Up-to-date: /home/leyla/Desktop/Presentar/navegation_ws/install/robot_description/share/robot_description/meshes/collision/link5.obj
[0.659s] Invoked command in '/home/leyla/Desktop/Presentar/navegation_ws/build/robot_description' returned '1': CMAKE_PREFIX_PATH=/home/leyla/Desktop/turtlebot3_ws/install/turtlebot3:/home/leyla/Desktop/turtlebot3_ws/install/turtlebot3_bringup:/home/leyla/Desktop/turtlebot3_ws/install/turtlebot3_node:/home/leyla/Desktop/turtlebot3_ws/install/turtlebot3_navigation2:/home/leyla/Desktop/turtlebot3_ws/install/turtlebot3_gazebo:/home/leyla/Desktop/turtlebot3_ws/install/turtlebot3_description:/home/leyla/Desktop/turtlebot3_ws/install/turtlebot3_cartographer:/home/leyla/Desktop/nexus_ws/install/turtlebot3_navigation2:/home/leyla/Desktop/nexus_ws/install/turtlebot3_cartographer:/home/leyla/Desktop/nexus_ws/install/rosbridge_test_msgs:/home/leyla/Desktop/nexus_ws/install/rosbridge_suite:/home/leyla/Desktop/nexus_ws/install/rosbridge_server:/home/leyla/Desktop/nexus_ws/install/rosbridge_msgs:/home/leyla/Desktop/nexus_ws/install/rosapi:/home/leyla/Desktop/nexus_ws/install/rosbridge_library:/home/leyla/Desktop/nexus_ws/install/rosapi_msgs:/home/leyla/Desktop/nexus_ws/install/linorobot2_navigation:/home/leyla/Desktop/nexus_ws/install/gazebo_ros_pkgs:/home/leyla/Desktop/nexus_ws/install/gazebo_ros:/home/leyla/Desktop/nexus_ws/install/gazebo_msgs:/home/leyla/Desktop/nexus_ws/install/gazebo_dev:/home/leyla/Desktop/linorobot2_ws/install/linorobot2_viz:/home/leyla/Desktop/linorobot2_ws/install/linorobot2_navigation:/home/leyla/Desktop/linorobot2_ws/install/linorobot2_gazebo:/home/leyla/Desktop/linorobot2_ws/install/linorobot2_description:/home/leyla/Desktop/linorobot2_ws/install/linorobot2_bringup:/home/leyla/Desktop/linorobot2_ws/install/linorobot2_base:/home/leyla/Desktop/linorobot2_ws/install/linorobot2:/home/leyla/Desktop/robot_con_ws/install/robot_description:/home/leyla/Desktop/turtlebot3_ws/install/turtlebot3_teleop:/home/leyla/Desktop/turtlebot3_ws/install/turtlebot3_example:/home/leyla/Desktop/nexus_ws/install/manual:/home/leyla/Desktop/nexus_ws/install/code_py:/home/leyla/Desktop/nexus_ws/install/ucb_interface:/home/leyla/Desktop/nexus_ws/install/robot_description:/home/leyla/Desktop/robot_con_ws/install/control_py:/home/leyla/Desktop/ver_ws/install/stage_ros2:/home/leyla/Desktop/ver_ws/install/robot_nav:/home/leyla/Desktop/ver_ws/install/navigation_tb3:/home/leyla/Desktop/ver_ws/install/cartographer_rviz:/home/leyla/Desktop/ver_ws/install/cartographer_ros:/home/leyla/Desktop/ver_ws/install/cartographer_ros_msgs:/home/leyla/Desktop/newvis_ws/install/panda_movet:/opt/ros/humble:/home/leyla/Desktop/robot_con_ws/install/ensamblaje_jpac2:/home/leyla/Desktop/ver_ws/install/Stage:/home/leyla/Documents/ejercicio2_ws/install/test_move:/home/leyla/Documents/ejercicio2_ws/install/panda_movet:/home/leyla/Desktop/newvis_ws/install/panda_assist:/home/leyla/Desktop/newvis_ws/install/robot_description /usr/bin/cmake --install /home/leyla/Desktop/Presentar/navegation_ws/build/robot_description
