-- Install configuration: ""
-- Up-to-date: /home/leyla/Desktop/Presentar/navegation_ws/install/robot_cartographer/share/robot_cartographer/config
-- Installing: /home/leyla/Desktop/Presentar/navegation_ws/install/robot_cartographer/share/robot_cartographer/config/turtlebot3_lds_3d.lua
-- Installing: /home/leyla/Desktop/Presentar/navegation_ws/install/robot_cartographer/share/robot_cartographer/config/turtlebot3_lds_2d.lua
-- Up-to-date: /home/leyla/Desktop/Presentar/navegation_ws/install/robot_cartographer/share/robot_cartographer/launch
-- Installing: /home/leyla/Desktop/Presentar/navegation_ws/install/robot_cartographer/share/robot_cartographer/launch/occupancy_grid.launch.py
-- Installing: /home/leyla/Desktop/Presentar/navegation_ws/install/robot_cartographer/share/robot_cartographer/launch/cartographer.launch.py
-- Up-to-date: /home/leyla/Desktop/Presentar/navegation_ws/install/robot_cartographer/share/robot_cartographer/rviz
-- Installing: /home/leyla/Desktop/Presentar/navegation_ws/install/robot_cartographer/share/robot_cartographer/rviz/tb3_cartographer.rviz
-- Up-to-date: /home/leyla/Desktop/Presentar/navegation_ws/install/robot_cartographer/share/ament_index/resource_index/package_run_dependencies/robot_cartographer
-- Up-to-date: /home/leyla/Desktop/Presentar/navegation_ws/install/robot_cartographer/share/ament_index/resource_index/parent_prefix_path/robot_cartographer
-- Up-to-date: /home/leyla/Desktop/Presentar/navegation_ws/install/robot_cartographer/share/robot_cartographer/environment/ament_prefix_path.sh
-- Up-to-date: /home/leyla/Desktop/Presentar/navegation_ws/install/robot_cartographer/share/robot_cartographer/environment/ament_prefix_path.dsv
-- Up-to-date: /home/leyla/Desktop/Presentar/navegation_ws/install/robot_cartographer/share/robot_cartographer/environment/path.sh
-- Up-to-date: /home/leyla/Desktop/Presentar/navegation_ws/install/robot_cartographer/share/robot_cartographer/environment/path.dsv
-- Up-to-date: /home/leyla/Desktop/Presentar/navegation_ws/install/robot_cartographer/share/robot_cartographer/local_setup.bash
-- Up-to-date: /home/leyla/Desktop/Presentar/navegation_ws/install/robot_cartographer/share/robot_cartographer/local_setup.sh
-- Up-to-date: /home/leyla/Desktop/Presentar/navegation_ws/install/robot_cartographer/share/robot_cartographer/local_setup.zsh
-- Up-to-date: /home/leyla/Desktop/Presentar/navegation_ws/install/robot_cartographer/share/robot_cartographer/local_setup.dsv
-- Installing: /home/leyla/Desktop/Presentar/navegation_ws/install/robot_cartographer/share/robot_cartographer/package.dsv
-- Up-to-date: /home/leyla/Desktop/Presentar/navegation_ws/install/robot_cartographer/share/ament_index/resource_index/packages/robot_cartographer
-- Up-to-date: /home/leyla/Desktop/Presentar/navegation_ws/install/robot_cartographer/share/robot_cartographer/cmake/robot_cartographerConfig.cmake
-- Up-to-date: /home/leyla/Desktop/Presentar/navegation_ws/install/robot_cartographer/share/robot_cartographer/cmake/robot_cartographerConfig-version.cmake
-- Up-to-date: /home/leyla/Desktop/Presentar/navegation_ws/install/robot_cartographer/share/robot_cartographer/package.xml
